Archive member included to satisfy reference by file (symbol)

/usr/bin/../lib/gcc/arm-none-eabi/7.2.1/../../../../arm-none-eabi/lib/thumb/v7-m/libc.a(lib_a-exit.o)
                              /usr/bin/../lib/gcc/arm-none-eabi/7.2.1/../../../../arm-none-eabi/lib/thumb/v7-m/crt0.o (exit)
/usr/bin/../lib/gcc/arm-none-eabi/7.2.1/../../../../arm-none-eabi/lib/thumb/v7-m/libc.a(lib_a-impure.o)
                              /usr/bin/../lib/gcc/arm-none-eabi/7.2.1/../../../../arm-none-eabi/lib/thumb/v7-m/libc.a(lib_a-exit.o) (_global_impure_ptr)
/usr/bin/../lib/gcc/arm-none-eabi/7.2.1/../../../../arm-none-eabi/lib/thumb/v7-m/libc.a(lib_a-init.o)
                              /usr/bin/../lib/gcc/arm-none-eabi/7.2.1/../../../../arm-none-eabi/lib/thumb/v7-m/crt0.o (__libc_init_array)
/usr/bin/../lib/gcc/arm-none-eabi/7.2.1/../../../../arm-none-eabi/lib/thumb/v7-m/libc.a(lib_a-memset.o)
                              /usr/bin/../lib/gcc/arm-none-eabi/7.2.1/../../../../arm-none-eabi/lib/thumb/v7-m/crt0.o (memset)
/usr/bin/../lib/gcc/arm-none-eabi/7.2.1/../../../../arm-none-eabi/lib/thumb/v7-m/libc.a(lib_a-__call_atexit.o)
                              /usr/bin/../lib/gcc/arm-none-eabi/7.2.1/../../../../arm-none-eabi/lib/thumb/v7-m/libc.a(lib_a-exit.o) (__call_exitprocs)
/usr/bin/../lib/gcc/arm-none-eabi/7.2.1/../../../../arm-none-eabi/lib/thumb/v7-m/libc.a(lib_a-atexit.o)
                              /usr/bin/../lib/gcc/arm-none-eabi/7.2.1/../../../../arm-none-eabi/lib/thumb/v7-m/libc.a(lib_a-__call_atexit.o) (atexit)
/usr/bin/../lib/gcc/arm-none-eabi/7.2.1/../../../../arm-none-eabi/lib/thumb/v7-m/libc.a(lib_a-fini.o)
                              /usr/bin/../lib/gcc/arm-none-eabi/7.2.1/../../../../arm-none-eabi/lib/thumb/v7-m/libc.a(lib_a-__call_atexit.o) (__libc_fini_array)
/usr/bin/../lib/gcc/arm-none-eabi/7.2.1/../../../../arm-none-eabi/lib/thumb/v7-m/libc.a(lib_a-lock.o)
                              /usr/bin/../lib/gcc/arm-none-eabi/7.2.1/../../../../arm-none-eabi/lib/thumb/v7-m/libc.a(lib_a-__call_atexit.o) (__retarget_lock_acquire_recursive)
/usr/bin/../lib/gcc/arm-none-eabi/7.2.1/../../../../arm-none-eabi/lib/thumb/v7-m/libc.a(lib_a-__atexit.o)
                              /usr/bin/../lib/gcc/arm-none-eabi/7.2.1/../../../../arm-none-eabi/lib/thumb/v7-m/libc.a(lib_a-atexit.o) (__register_exitproc)
libstm32cube.a(stm32f1xx_hal.c.obj)
                              CMakeFiles/nucleo_f103rb.elf.dir/st_init.c.obj (HAL_Init)
libstm32cube.a(stm32f1xx_hal_cortex.c.obj)
                              libstm32cube.a(stm32f1xx_hal.c.obj) (HAL_NVIC_SetPriorityGrouping)
libstm32cube.a(stm32f1xx_hal_gpio.c.obj)
                              CMakeFiles/nucleo_f103rb.elf.dir/stm32f1xx_hal_msp.c.obj (HAL_GPIO_Init)
libstm32cube.a(stm32f1xx_hal_i2c.c.obj)
                              CMakeFiles/nucleo_f103rb.elf.dir/temp_sense.cpp.obj (HAL_I2C_Master_Transmit)
libstm32cube.a(stm32f1xx_hal_rcc.c.obj)
                              CMakeFiles/nucleo_f103rb.elf.dir/st_init.c.obj (HAL_RCC_OscConfig)
libstm32cube.a(stm32f1xx_hal_dma.c.obj)
                              libstm32cube.a(stm32f1xx_hal_i2c.c.obj) (HAL_DMA_Start_IT)
../external/libnucleobsp.a(stm32f1xx_nucleo.c.obj)
                              CMakeFiles/nucleo_f103rb.elf.dir/led.cpp.obj (BSP_LED_Init)
../common/libcommon.a(application.cpp.obj)
                              CMakeFiles/nucleo_f103rb.elf.dir/main.cpp.obj (common::Application::Application(common::Platform*, common::Led*, common::Temp_Sense*, common::Display_Seg*))
libstm32cube.a(stm32f1xx_hal_adc.c.obj)
                              ../external/libnucleobsp.a(stm32f1xx_nucleo.c.obj) (HAL_ADC_Init)
libstm32cube.a(stm32f1xx_hal_adc_ex.c.obj)
                              ../external/libnucleobsp.a(stm32f1xx_nucleo.c.obj) (HAL_ADCEx_Calibration_Start)
libstm32cube.a(stm32f1xx_hal_rcc_ex.c.obj)
                              libstm32cube.a(stm32f1xx_hal_adc.c.obj) (HAL_RCCEx_GetPeriphCLKFreq)
libstm32cube.a(stm32f1xx_hal_spi.c.obj)
                              ../external/libnucleobsp.a(stm32f1xx_nucleo.c.obj) (HAL_SPI_Init)
/usr/bin/../lib/gcc/arm-none-eabi/7.2.1/../../../../arm-none-eabi/lib/thumb/v7-m/libstdc++_nano.a(del_op.o)
                              CMakeFiles/nucleo_f103rb.elf.dir/main.cpp.obj (operator delete(void*))
/usr/bin/../lib/gcc/arm-none-eabi/7.2.1/../../../../arm-none-eabi/lib/thumb/v7-m/libstdc++_nano.a(eh_personality.o)
                              CMakeFiles/nucleo_f103rb.elf.dir/main.cpp.obj (__gxx_personality_v0)
/usr/bin/../lib/gcc/arm-none-eabi/7.2.1/../../../../arm-none-eabi/lib/thumb/v7-m/libstdc++_nano.a(pure.o)
                              CMakeFiles/nucleo_f103rb.elf.dir/main.cpp.obj (__cxa_pure_virtual)
/usr/bin/../lib/gcc/arm-none-eabi/7.2.1/../../../../arm-none-eabi/lib/thumb/v7-m/libstdc++_nano.a(eh_arm.o)
                              CMakeFiles/nucleo_f103rb.elf.dir/main.cpp.obj (__cxa_end_cleanup)
[...]
Memory Configuration

Name             Origin             Length             Attributes
FLASH            0x08000000         0x00020000         xr
RAM              0x20000000         0x00005000         xrw
*default*        0x00000000         0xffffffff

Linker script and memory map

LOAD /usr/bin/../lib/gcc/arm-none-eabi/7.2.1/thumb/v7-m/crti.o
LOAD /usr/bin/../lib/gcc/arm-none-eabi/7.2.1/thumb/v7-m/crtbegin.o
LOAD /usr/bin/../lib/gcc/arm-none-eabi/7.2.1/../../../../arm-none-eabi/lib/thumb/v7-m/crt0.o
                0x20005000                _estack = 0x20005000
                0x00000200                _Min_Heap_Size = 0x200
                0x00000400                _Min_Stack_Size = 0x400

.isr_vector     0x08000000      0x10c
                0x08000000                . = ALIGN (0x4)
 *(.isr_vector)
 .isr_vector    0x08000000      0x10c CMakeFiles/nucleo_f103rb.elf.dir/startup_stm32f103xb.s.obj
                0x08000000                g_pfnVectors
                0x0800010c                . = ALIGN (0x4)

.text           0x0800010c     0x4994
                0x0800010c                . = ALIGN (0x4)
 *(.text)
 .text          0x0800010c       0x40 /usr/bin/../lib/gcc/arm-none-eabi/7.2.1/thumb/v7-m/crtbegin.o
 .text          0x0800014c      0xa00 /usr/bin/../lib/gcc/arm-none-eabi/7.2.1/thumb/v7-m/libgcc.a(unwind-arm.o)
                0x08000408                _Unwind_GetCFA
                0x0800040c                __gnu_Unwind_RaiseException
                0x0800046c                __gnu_Unwind_ForcedUnwind
                0x08000480                __gnu_Unwind_Resume
                0x080004c4                __gnu_Unwind_Resume_or_Rethrow
                0x080004d8                _Unwind_Complete
                0x080004dc                _Unwind_DeleteException
                0x080004e8                _Unwind_VRS_Get
                0x0800052c                _Unwind_VRS_Set
                0x08000574                __gnu_Unwind_Backtrace
                0x080008bc                __aeabi_unwind_cpp_pr0
                0x080008c0                __aeabi_unwind_cpp_pr1
                0x080008c4                __aeabi_unwind_cpp_pr2
                0x080008c8                _Unwind_VRS_Pop
 .text          0x08000b4c      0x1ac /usr/bin/../lib/gcc/arm-none-eabi/7.2.1/thumb/v7-m/libgcc.a(libunwind.o)
                0x08000b4c                __restore_core_regs
                0x08000b4c                restore_core_regs
                0x08000b64                __gnu_Unwind_Restore_VFP
                0x08000b6c                __gnu_Unwind_Save_VFP
                0x08000b74                __gnu_Unwind_Restore_VFP_D
                0x08000b7c                __gnu_Unwind_Save_VFP_D
                0x08000b84                __gnu_Unwind_Restore_VFP_D_16_to_31
                0x08000b8c                __gnu_Unwind_Save_VFP_D_16_to_31
                0x08000b94                __gnu_Unwind_Restore_WMMXD
                0x08000bd8                __gnu_Unwind_Save_WMMXD
                0x08000c1c                __gnu_Unwind_Restore_WMMXC
                0x08000c30                __gnu_Unwind_Save_WMMXC
                0x08000c44                ___Unwind_RaiseException
                0x08000c44                _Unwind_RaiseException
                0x08000c68                ___Unwind_Resume
                0x08000c68                _Unwind_Resume
                0x08000c8c                _Unwind_Resume_or_Rethrow
                0x08000c8c                ___Unwind_Resume_or_Rethrow
                0x08000cb0                ___Unwind_ForcedUnwind
                0x08000cb0                _Unwind_ForcedUnwind
                0x08000cd4                _Unwind_Backtrace
                0x08000cd4                ___Unwind_Backtrace
 .text          0x08000cf8      0x378 /usr/bin/../lib/gcc/arm-none-eabi/7.2.1/thumb/v7-m/libgcc.a(pr-support.o)
                0x08000d50                __gnu_unwind_execute
                0x08001014                __gnu_unwind_frame
                0x08001040                _Unwind_GetRegionStart
                0x0800104c                _Unwind_GetLanguageSpecificData
                0x08001060                _Unwind_GetDataRelBase
                0x08001068                _Unwind_GetTextRelBase
 .text          0x08001070       0x14 /usr/bin/../lib/gcc/arm-none-eabi/7.2.1/../../../../arm-none-eabi/lib/thumb/v7-m/libg_nano.a(lib_a-strcmp.o)
                0x08001070                strcmp
 *(.text*)
 .text.__libc_init_array
                0x08001084       0x48 /usr/bin/../lib/gcc/arm-none-eabi/7.2.1/../../../../arm-none-eabi/lib/thumb/v7-m/libc.a(lib_a-init.o)
                0x08001084                __libc_init_array
 .text.memset   0x080010cc       0x94 /usr/bin/../lib/gcc/arm-none-eabi/7.2.1/../../../../arm-none-eabi/lib/thumb/v7-m/libc.a(lib_a-memset.o)
                0x080010cc                memset
 .text.startup.register_fini
                0x08001160       0x14 /usr/bin/../lib/gcc/arm-none-eabi/7.2.1/../../../../arm-none-eabi/lib/thumb/v7-m/libc.a(lib_a-__call_atexit.o)
 .text.atexit   0x08001174        0xc /usr/bin/../lib/gcc/arm-none-eabi/7.2.1/../../../../arm-none-eabi/lib/thumb/v7-m/libc.a(lib_a-atexit.o)
                0x08001174                atexit
 .text.__libc_fini_array
                0x08001180       0x34 /usr/bin/../lib/gcc/arm-none-eabi/7.2.1/../../../../arm-none-eabi/lib/thumb/v7-m/libc.a(lib_a-fini.o)
                0x08001180                __libc_fini_array
 .text.__retarget_lock_acquire_recursive
                0x080011b4        0x4 /usr/bin/../lib/gcc/arm-none-eabi/7.2.1/../../../../arm-none-eabi/lib/thumb/v7-m/libc.a(lib_a-lock.o)
                0x080011b4                __retarget_lock_acquire_recursive
 .text.__retarget_lock_release_recursive
                0x080011b8        0x4 /usr/bin/../lib/gcc/arm-none-eabi/7.2.1/../../../../arm-none-eabi/lib/thumb/v7-m/libc.a(lib_a-lock.o)
                0x080011b8                __retarget_lock_release_recursive
 .text.__register_exitproc
                0x080011bc       0xc0 /usr/bin/../lib/gcc/arm-none-eabi/7.2.1/../../../../arm-none-eabi/lib/thumb/v7-m/libc.a(lib_a-__atexit.o)
                0x080011bc                __register_exitproc
 .text.st_init  0x0800127c       0x10 CMakeFiles/nucleo_f103rb.elf.dir/st_init.c.obj
                0x0800127c                st_init
 .text.SystemClock_Config
                0x0800128c       0x84 CMakeFiles/nucleo_f103rb.elf.dir/st_init.c.obj
                0x0800128c                SystemClock_Config
 .text.Reset_Handler
                0x08001310       0x48 CMakeFiles/nucleo_f103rb.elf.dir/startup_stm32f103xb.s.obj
                0x08001310                Reset_Handler
 .text.Default_Handler
                0x08001358        0x2 CMakeFiles/nucleo_f103rb.elf.dir/startup_stm32f103xb.s.obj
                0x08001358                RTC_Alarm_IRQHandler
                0x08001358                EXTI2_IRQHandler
                0x08001358                TIM1_CC_IRQHandler
                0x08001358                PVD_IRQHandler
                0x08001358                EXTI3_IRQHandler
                0x08001358                EXTI0_IRQHandler
                0x08001358                I2C2_EV_IRQHandler
                0x08001358                ADC1_2_IRQHandler
                0x08001358                SPI1_IRQHandler
                0x08001358                TAMPER_IRQHandler
                0x08001358                DMA1_Channel4_IRQHandler
                0x08001358                USART3_IRQHandler
                0x08001358                RTC_IRQHandler
                0x08001358                DMA1_Channel7_IRQHandler
                0x08001358                CAN1_RX1_IRQHandler
                0x08001358                TIM4_IRQHandler
                0x08001358                I2C1_EV_IRQHandler
                0x08001358                DMA1_Channel6_IRQHandler
                0x08001358                TIM3_IRQHandler
                0x08001358                RCC_IRQHandler
                0x08001358                TIM1_TRG_COM_IRQHandler
                0x08001358                DMA1_Channel1_IRQHandler
                0x08001358                Default_Handler
                0x08001358                EXTI15_10_IRQHandler
                0x08001358                EXTI9_5_IRQHandler
                0x08001358                SPI2_IRQHandler
                0x08001358                DMA1_Channel5_IRQHandler
                0x08001358                EXTI4_IRQHandler
                0x08001358                USB_LP_CAN1_RX0_IRQHandler
                0x08001358                USB_HP_CAN1_TX_IRQHandler
                0x08001358                DMA1_Channel3_IRQHandler
                0x08001358                TIM1_UP_IRQHandler
                0x08001358                WWDG_IRQHandler
                0x08001358                TIM2_IRQHandler
                0x08001358                TIM1_BRK_IRQHandler
                0x08001358                EXTI1_IRQHandler
                0x08001358                USART2_IRQHandler
                0x08001358                I2C2_ER_IRQHandler
                0x08001358                DMA1_Channel2_IRQHandler
                0x08001358                CAN1_SCE_IRQHandler
                0x08001358                FLASH_IRQHandler
                0x08001358                USART1_IRQHandler
                0x08001358                I2C1_ER_IRQHandler
                0x08001358                USBWakeUp_IRQHandler
 *fill*         0x0800135a        0x2 
 .text.HAL_I2C_MspInit
                0x0800135c       0xa8 CMakeFiles/nucleo_f103rb.elf.dir/stm32f1xx_hal_msp.c.obj
                0x0800135c                HAL_I2C_MspInit
 .text.NMI_Handler
                0x08001404        0x4 CMakeFiles/nucleo_f103rb.elf.dir/stm32f1xx_it.c.obj
                0x08001404                NMI_Handler
 .text.HardFault_Handler
                0x08001408        0x2 CMakeFiles/nucleo_f103rb.elf.dir/stm32f1xx_it.c.obj
                0x08001408                HardFault_Handler
 .text.MemManage_Handler
                0x0800140a        0x2 CMakeFiles/nucleo_f103rb.elf.dir/stm32f1xx_it.c.obj
                0x0800140a                MemManage_Handler
 .text.BusFault_Handler
                0x0800140c        0x2 CMakeFiles/nucleo_f103rb.elf.dir/stm32f1xx_it.c.obj
                0x0800140c                BusFault_Handler
 .text.UsageFault_Handler
                0x0800140e        0x2 CMakeFiles/nucleo_f103rb.elf.dir/stm32f1xx_it.c.obj
                0x0800140e                UsageFault_Handler
 .text.SVC_Handler
                0x08001410        0x4 CMakeFiles/nucleo_f103rb.elf.dir/stm32f1xx_it.c.obj
                0x08001410                SVC_Handler
 .text.DebugMon_Handler
                0x08001414        0x4 CMakeFiles/nucleo_f103rb.elf.dir/stm32f1xx_it.c.obj
                0x08001414                DebugMon_Handler
 .text.PendSV_Handler
                0x08001418        0x4 CMakeFiles/nucleo_f103rb.elf.dir/stm32f1xx_it.c.obj
                0x08001418                PendSV_Handler
 .text.SysTick_Handler
                0x0800141c        0xa CMakeFiles/nucleo_f103rb.elf.dir/stm32f1xx_it.c.obj
                0x0800141c                SysTick_Handler
 *fill*         0x08001426        0x2 
 .text.SystemInit
                0x08001428       0x60 CMakeFiles/nucleo_f103rb.elf.dir/system_stm32f1xx.c.obj
                0x08001428                SystemInit
 .text._ZN6common8PlatformD2Ev
                0x08001488       0x18 CMakeFiles/nucleo_f103rb.elf.dir/main.cpp.obj
                0x08001488                common::Platform::~Platform()
                0x08001488                common::Platform::~Platform()
 .text._ZN6common8PlatformD0Ev
                0x080014a0       0x1c CMakeFiles/nucleo_f103rb.elf.dir/main.cpp.obj
                0x080014a0                common::Platform::~Platform()
 .text.main     0x080014bc       0x68 CMakeFiles/nucleo_f103rb.elf.dir/main.cpp.obj
                0x080014bc                main
 .text._ZN13nucleo_f103rb8PlatformD2Ev
                0x08001524       0x24 CMakeFiles/nucleo_f103rb.elf.dir/main.cpp.obj
                0x08001524                nucleo_f103rb::Platform::~Platform()
                0x08001524                nucleo_f103rb::Platform::~Platform()
 .text._ZN13nucleo_f103rb8PlatformD0Ev
                0x08001548       0x1c CMakeFiles/nucleo_f103rb.elf.dir/main.cpp.obj
                0x08001548                nucleo_f103rb::Platform::~Platform()
 .text._ZN6common3LedC2Ev
                0x08001564       0x18 CMakeFiles/nucleo_f103rb.elf.dir/led.cpp.obj
                0x08001564                common::Led::Led()
                0x08001564                common::Led::Led()
 .text._ZN6common3LedD2Ev
                0x0800157c       0x18 CMakeFiles/nucleo_f103rb.elf.dir/led.cpp.obj
                0x0800157c                common::Led::~Led()
                0x0800157c                common::Led::~Led()
 .text._ZN6common3LedD0Ev
                0x08001594       0x1c CMakeFiles/nucleo_f103rb.elf.dir/led.cpp.obj
                0x08001594                common::Led::~Led()
 .text._ZN13nucleo_f103rb3LedC2Ev
                0x080015b0       0x28 CMakeFiles/nucleo_f103rb.elf.dir/led.cpp.obj
                0x080015b0                nucleo_f103rb::Led::Led()
                0x080015b0                nucleo_f103rb::Led::Led()
 .text._ZN13nucleo_f103rb3LedD2Ev
                0x080015d8       0x28 CMakeFiles/nucleo_f103rb.elf.dir/led.cpp.obj
                0x080015d8                nucleo_f103rb::Led::~Led()
                0x080015d8                nucleo_f103rb::Led::~Led()
 .text._ZN13nucleo_f103rb3LedD0Ev
                0x08001600       0x1c CMakeFiles/nucleo_f103rb.elf.dir/led.cpp.obj
                0x08001600                nucleo_f103rb::Led::~Led()
 .text._ZN13nucleo_f103rb3Led2onEv
                0x0800161c       0x14 CMakeFiles/nucleo_f103rb.elf.dir/led.cpp.obj
                0x0800161c                nucleo_f103rb::Led::on()
 .text._ZN13nucleo_f103rb3Led3offEv
                0x08001630       0x14 CMakeFiles/nucleo_f103rb.elf.dir/led.cpp.obj
                0x08001630                nucleo_f103rb::Led::off()
 .text._ZN13nucleo_f103rb3Led6toggleEv
                0x08001644       0x14 CMakeFiles/nucleo_f103rb.elf.dir/led.cpp.obj
                0x08001644                nucleo_f103rb::Led::toggle()
 .text._ZN6common10Temp_SenseC2Ev
                0x08001658       0x18 CMakeFiles/nucleo_f103rb.elf.dir/temp_sense.cpp.obj
                0x08001658                common::Temp_Sense::Temp_Sense()
                0x08001658                common::Temp_Sense::Temp_Sense()
 .text._ZN6common10Temp_SenseD2Ev
                0x08001670       0x18 CMakeFiles/nucleo_f103rb.elf.dir/temp_sense.cpp.obj
                0x08001670                common::Temp_Sense::~Temp_Sense()
                0x08001670                common::Temp_Sense::~Temp_Sense()
 .text._ZN6common10Temp_SenseD0Ev
                0x08001688       0x1c CMakeFiles/nucleo_f103rb.elf.dir/temp_sense.cpp.obj
                0x08001688                common::Temp_Sense::~Temp_Sense()
 .text._ZN13nucleo_f103rb10Temp_SenseC2Ev
                0x080016a4       0x44 CMakeFiles/nucleo_f103rb.elf.dir/temp_sense.cpp.obj
                0x080016a4                nucleo_f103rb::Temp_Sense::Temp_Sense()
                0x080016a4                nucleo_f103rb::Temp_Sense::Temp_Sense()
 .text._ZN13nucleo_f103rb10Temp_SenseD2Ev
                0x080016e8       0x24 CMakeFiles/nucleo_f103rb.elf.dir/temp_sense.cpp.obj
                0x080016e8                nucleo_f103rb::Temp_Sense::~Temp_Sense()
                0x080016e8                nucleo_f103rb::Temp_Sense::~Temp_Sense()
 .text._ZN13nucleo_f103rb10Temp_SenseD0Ev
                0x0800170c       0x1c CMakeFiles/nucleo_f103rb.elf.dir/temp_sense.cpp.obj
                0x0800170c                nucleo_f103rb::Temp_Sense::~Temp_Sense()
 .text._ZN13nucleo_f103rb10Temp_Sense18Read_Temp_RegisterEPi
                0x08001728       0x90 CMakeFiles/nucleo_f103rb.elf.dir/temp_sense.cpp.obj
                0x08001728                nucleo_f103rb::Temp_Sense::Read_Temp_Register(int*)
 .text._ZN13nucleo_f103rb10Temp_Sense14write_registerEv
                0x080017b8       0x44 CMakeFiles/nucleo_f103rb.elf.dir/temp_sense.cpp.obj
                0x080017b8                nucleo_f103rb::Temp_Sense::write_register()
 .text._ZN13nucleo_f103rb10Temp_Sense16Init_Temp_SensorEv
                0x080017fc       0x64 CMakeFiles/nucleo_f103rb.elf.dir/temp_sense.cpp.obj
                0x080017fc                nucleo_f103rb::Temp_Sense::Init_Temp_Sensor()
 .text._ZNKSt6chrono8durationIxSt5ratioILx1ELx1000EEE5countEv
                0x08001860       0x16 CMakeFiles/nucleo_f103rb.elf.dir/platform.cpp.obj
                0x08001860                std::chrono::duration<long long, std::ratio<1ll, 1000ll> >::count() const
 .text._ZNK13nucleo_f103rb8Platform5delayENSt6chrono8durationIxSt5ratioILx1ELx1000EEEE
                0x08001876       0x22 CMakeFiles/nucleo_f103rb.elf.dir/platform.cpp.obj
                0x08001876                nucleo_f103rb::Platform::delay(std::chrono::duration<long long, std::ratio<1ll, 1000ll> >) const
 .text._ZN6common11Display_SegC2Ev
                0x08001898       0x18 CMakeFiles/nucleo_f103rb.elf.dir/display_seg.cpp.obj
                0x08001898                common::Display_Seg::Display_Seg()
                0x08001898                common::Display_Seg::Display_Seg()
 .text._ZN6common11Display_SegD2Ev
                0x080018b0       0x18 CMakeFiles/nucleo_f103rb.elf.dir/display_seg.cpp.obj
                0x080018b0                common::Display_Seg::~Display_Seg()
                0x080018b0                common::Display_Seg::~Display_Seg()
 .text._ZN6common11Display_SegD0Ev
                0x080018c8       0x1c CMakeFiles/nucleo_f103rb.elf.dir/display_seg.cpp.obj
                0x080018c8                common::Display_Seg::~Display_Seg()
 .text._ZN13nucleo_f103rb11Display_SegC2Ev
                0x080018e4       0x3c CMakeFiles/nucleo_f103rb.elf.dir/display_seg.cpp.obj
                0x080018e4                nucleo_f103rb::Display_Seg::Display_Seg()
                0x080018e4                nucleo_f103rb::Display_Seg::Display_Seg()
 .text._ZN13nucleo_f103rb11Display_SegD2Ev
                0x08001920       0x24 CMakeFiles/nucleo_f103rb.elf.dir/display_seg.cpp.obj
                0x08001920                nucleo_f103rb::Display_Seg::~Display_Seg()
                0x08001920                nucleo_f103rb::Display_Seg::~Display_Seg()
 .text._ZN13nucleo_f103rb11Display_SegD0Ev
                0x08001944       0x1c CMakeFiles/nucleo_f103rb.elf.dir/display_seg.cpp.obj
                0x08001944                nucleo_f103rb::Display_Seg::~Display_Seg()
 .text._ZN13nucleo_f103rb11Display_Seg11display_valEhPi
                0x08001960       0x94 CMakeFiles/nucleo_f103rb.elf.dir/display_seg.cpp.obj
                0x08001960                nucleo_f103rb::Display_Seg::display_val(unsigned char, int*)
 .text.HAL_Init
                0x080019f4       0x28 libstm32cube.a(stm32f1xx_hal.c.obj)
                0x080019f4                HAL_Init
 .text.HAL_MspInit
                0x08001a1c        0x4 libstm32cube.a(stm32f1xx_hal.c.obj)
                0x08001a1c                HAL_MspInit
 .text.HAL_InitTick
                0x08001a20       0x38 libstm32cube.a(stm32f1xx_hal.c.obj)
                0x08001a20                HAL_InitTick
 .text.HAL_IncTick
                0x08001a58       0x14 libstm32cube.a(stm32f1xx_hal.c.obj)
                0x08001a58                HAL_IncTick
 .text.HAL_GetTick
                0x08001a6c        0xc libstm32cube.a(stm32f1xx_hal.c.obj)
                0x08001a6c                HAL_GetTick
 .text.HAL_Delay
                0x08001a78       0x3a libstm32cube.a(stm32f1xx_hal.c.obj)
                0x08001a78                HAL_Delay
 *fill*         0x08001ab2        0x2 
 .text.NVIC_SetPriorityGrouping
                0x08001ab4       0x40 libstm32cube.a(stm32f1xx_hal_cortex.c.obj)
 .text.NVIC_GetPriorityGrouping
                0x08001af4       0x14 libstm32cube.a(stm32f1xx_hal_cortex.c.obj)
 .text.NVIC_EnableIRQ
                0x08001b08       0x2c libstm32cube.a(stm32f1xx_hal_cortex.c.obj)
 .text.NVIC_SetPriority
                0x08001b34       0x50 libstm32cube.a(stm32f1xx_hal_cortex.c.obj)
 .text.NVIC_EncodePriority
                0x08001b84       0x5c libstm32cube.a(stm32f1xx_hal_cortex.c.obj)
 .text.SysTick_Config
                0x08001be0       0x40 libstm32cube.a(stm32f1xx_hal_cortex.c.obj)
 .text.HAL_NVIC_SetPriorityGrouping
                0x08001c20       0x14 libstm32cube.a(stm32f1xx_hal_cortex.c.obj)
                0x08001c20                HAL_NVIC_SetPriorityGrouping
 .text.HAL_NVIC_SetPriority
                0x08001c34       0x3a libstm32cube.a(stm32f1xx_hal_cortex.c.obj)
                0x08001c34                HAL_NVIC_SetPriority
 .text.HAL_NVIC_EnableIRQ
                0x08001c6e       0x1c libstm32cube.a(stm32f1xx_hal_cortex.c.obj)
                0x08001c6e                HAL_NVIC_EnableIRQ
 .text.HAL_SYSTICK_Config
                0x08001c8a       0x16 libstm32cube.a(stm32f1xx_hal_cortex.c.obj)
                0x08001c8a                HAL_SYSTICK_Config
 .text.HAL_GPIO_Init
                0x08001ca0      0x2b4 libstm32cube.a(stm32f1xx_hal_gpio.c.obj)
                0x08001ca0                HAL_GPIO_Init
 .text.HAL_GPIO_DeInit
                0x08001f54      0x17c libstm32cube.a(stm32f1xx_hal_gpio.c.obj)
                0x08001f54                HAL_GPIO_DeInit
 .text.HAL_GPIO_WritePin
                0x080020d0       0x32 libstm32cube.a(stm32f1xx_hal_gpio.c.obj)
                0x080020d0                HAL_GPIO_WritePin
 .text.HAL_GPIO_TogglePin
                0x08002102       0x1e libstm32cube.a(stm32f1xx_hal_gpio.c.obj)
                0x08002102                HAL_GPIO_TogglePin
 .text.HAL_I2C_Init
                0x08002120      0x1c0 libstm32cube.a(stm32f1xx_hal_i2c.c.obj)
                0x08002120                HAL_I2C_Init
 .text.HAL_I2C_Master_Transmit
                0x080022e0      0x224 libstm32cube.a(stm32f1xx_hal_i2c.c.obj)
                0x080022e0                HAL_I2C_Master_Transmit
 .text.HAL_I2C_Master_Receive
                0x08002504      0x47c libstm32cube.a(stm32f1xx_hal_i2c.c.obj)
                0x08002504                HAL_I2C_Master_Receive
 .text.HAL_I2C_Mem_Write
                0x08002980      0x220 libstm32cube.a(stm32f1xx_hal_i2c.c.obj)
                0x08002980                HAL_I2C_Mem_Write
 .text.I2C_MasterRequestWrite
                0x08002ba0      0x10c libstm32cube.a(stm32f1xx_hal_i2c.c.obj)
 .text.I2C_MasterRequestRead
                0x08002cac      0x198 libstm32cube.a(stm32f1xx_hal_i2c.c.obj)
 .text.I2C_RequestMemoryWrite
                0x08002e44      0x134 libstm32cube.a(stm32f1xx_hal_i2c.c.obj)
 .text.I2C_WaitOnFlagUntilTimeout
                0x08002f78       0xa4 libstm32cube.a(stm32f1xx_hal_i2c.c.obj)
 .text.I2C_WaitOnMasterAddressFlagUntilTimeout
                0x0800301c       0xda libstm32cube.a(stm32f1xx_hal_i2c.c.obj)
 .text.I2C_WaitOnTXEFlagUntilTimeout
                0x080030f6       0x78 libstm32cube.a(stm32f1xx_hal_i2c.c.obj)
 .text.I2C_WaitOnBTFFlagUntilTimeout
                0x0800316e       0x78 libstm32cube.a(stm32f1xx_hal_i2c.c.obj)
 .text.I2C_WaitOnRXNEFlagUntilTimeout
                0x080031e6       0x92 libstm32cube.a(stm32f1xx_hal_i2c.c.obj)
 .text.I2C_IsAcknowledgeFailed
                0x08003278       0x46 libstm32cube.a(stm32f1xx_hal_i2c.c.obj)
 *fill*         0x080032be        0x2 
 .text.HAL_RCC_OscConfig
                0x080032c0      0x4e8 libstm32cube.a(stm32f1xx_hal_rcc.c.obj)
                0x080032c0                HAL_RCC_OscConfig
 .text.HAL_RCC_ClockConfig
                0x080037a8      0x1e8 libstm32cube.a(stm32f1xx_hal_rcc.c.obj)
                0x080037a8                HAL_RCC_ClockConfig
 .text.HAL_RCC_GetSysClockFreq
                0x08003990       0xbc libstm32cube.a(stm32f1xx_hal_rcc.c.obj)
                0x08003990                HAL_RCC_GetSysClockFreq
 .text.HAL_RCC_GetHCLKFreq
                0x08003a4c        0xc libstm32cube.a(stm32f1xx_hal_rcc.c.obj)
                0x08003a4c                HAL_RCC_GetHCLKFreq
 .text.HAL_RCC_GetPCLK1Freq
                0x08003a58       0x28 libstm32cube.a(stm32f1xx_hal_rcc.c.obj)
                0x08003a58                HAL_RCC_GetPCLK1Freq
 .text.RCC_Delay
                0x08003a80       0x34 libstm32cube.a(stm32f1xx_hal_rcc.c.obj)
 .text.BSP_LED_Init
                0x08003ab4       0x74 ../external/libnucleobsp.a(stm32f1xx_nucleo.c.obj)
                0x08003ab4                BSP_LED_Init
 .text.BSP_i2c_init
                0x08003b28       0x4c ../external/libnucleobsp.a(stm32f1xx_nucleo.c.obj)
                0x08003b28                BSP_i2c_init
 .text.BSP_LED_DeInit
                0x08003b74       0x44 ../external/libnucleobsp.a(stm32f1xx_nucleo.c.obj)
                0x08003b74                BSP_LED_DeInit
 .text.BSP_LED_On
                0x08003bb8       0x2c ../external/libnucleobsp.a(stm32f1xx_nucleo.c.obj)
                0x08003bb8                BSP_LED_On
 .text.BSP_LED_Off
                0x08003be4       0x2c ../external/libnucleobsp.a(stm32f1xx_nucleo.c.obj)
                0x08003be4                BSP_LED_Off
 .text.BSP_LED_Toggle
                0x08003c10       0x2c ../external/libnucleobsp.a(stm32f1xx_nucleo.c.obj)
                0x08003c10                BSP_LED_Toggle
 .text._ZN6common11ApplicationC2EPNS_8PlatformEPNS_3LedEPNS_10Temp_SenseEPNS_11Display_SegE
                0x08003c3c       0x2a ../common/libcommon.a(application.cpp.obj)
                0x08003c3c                common::Application::Application(common::Platform*, common::Led*, common::Temp_Sense*, common::Display_Seg*)
                0x08003c3c                common::Application::Application(common::Platform*, common::Led*, common::Temp_Sense*, common::Display_Seg*)
 *fill*         0x08003c66        0x2 
 .text._ZN6common11Application9run_cycleEv
                0x08003c68       0x74 ../common/libcommon.a(application.cpp.obj)
                0x08003c68                common::Application::run_cycle()
 .text._ZNSt8literals15chrono_literalsli2msIJLc50ELc48ELc48EEEENSt6chrono8durationIxSt5ratioILx1ELx1000EEEEv
                0x08003cdc       0x16 ../common/libcommon.a(application.cpp.obj)
                0x08003cdc                std::chrono::duration<long long, std::ratio<1ll, 1000ll> > std::literals::chrono_literals::operator"" ms<(char)50, (char)48, (char)48>()
 *fill*         0x08003cf2        0x2 
 .text._ZNSt8literals15chrono_literals16__check_overflowINSt6chrono8durationIxSt5ratioILx1ELx1000EEEEJLc50ELc48ELc48EEEET_v
                0x08003cf4       0x1c ../common/libcommon.a(application.cpp.obj)
                0x08003cf4                std::chrono::duration<long long, std::ratio<1ll, 1000ll> > std::literals::chrono_literals::__check_overflow<std::chrono::duration<long long, std::ratio<1ll, 1000ll> >, (char)50, (char)48, (char)48>()
 .text._ZNSt6chrono8durationIxSt5ratioILx1ELx1000EEEC2IxvEERKT_
                0x08003d10       0x1e ../common/libcommon.a(application.cpp.obj)
                0x08003d10                std::chrono::duration<long long, std::ratio<1ll, 1000ll> >::duration<long long, void>(long long const&)
                0x08003d10                std::chrono::duration<long long, std::ratio<1ll, 1000ll> >::duration<long long, void>(long long const&)
 .text._ZdlPv   0x08003d2e        0x4 /usr/bin/../lib/gcc/arm-none-eabi/7.2.1/../../../../arm-none-eabi/lib/thumb/v7-m/libstdc++_nano.a(del_op.o)
                0x08003d2e                operator delete(void*)
 .text._ZL12read_uleb128PKhPm
                0x08003d32       0x22 /usr/bin/../lib/gcc/arm-none-eabi/7.2.1/../../../../arm-none-eabi/lib/thumb/v7-m/libstdc++_nano.a(eh_personality.o)
 .text._ZL12read_sleb128PKhPl
                0x08003d54       0x30 /usr/bin/../lib/gcc/arm-none-eabi/7.2.1/../../../../arm-none-eabi/lib/thumb/v7-m/libstdc++_nano.a(eh_personality.o)
 .text._ZL28read_encoded_value_with_basehjPKhPj
                0x08003d84       0x88 /usr/bin/../lib/gcc/arm-none-eabi/7.2.1/../../../../arm-none-eabi/lib/thumb/v7-m/libstdc++_nano.a(eh_personality.o)
 .text._Unwind_GetGR
                0x08003e0c       0x18 /usr/bin/../lib/gcc/arm-none-eabi/7.2.1/../../../../arm-none-eabi/lib/thumb/v7-m/libstdc++_nano.a(eh_personality.o)
 .text._ZL21base_of_encoded_valuehP15_Unwind_Context.part.3
                0x08003e24       0x44 /usr/bin/../lib/gcc/arm-none-eabi/7.2.1/../../../../arm-none-eabi/lib/thumb/v7-m/libstdc++_nano.a(eh_personality.o)
 .text._ZL18read_encoded_valueP15_Unwind_ContexthPKhPj
                0x08003e68       0x28 /usr/bin/../lib/gcc/arm-none-eabi/7.2.1/../../../../arm-none-eabi/lib/thumb/v7-m/libstdc++_nano.a(eh_personality.o)
 .text._ZL17parse_lsda_headerP15_Unwind_ContextPKhP16lsda_header_info
                0x08003e90       0x5a /usr/bin/../lib/gcc/arm-none-eabi/7.2.1/../../../../arm-none-eabi/lib/thumb/v7-m/libstdc++_nano.a(eh_personality.o)
 *fill*         0x08003eea        0x2 
 .text.__gxx_personality_v0
                0x08003eec      0x380 /usr/bin/../lib/gcc/arm-none-eabi/7.2.1/../../../../arm-none-eabi/lib/thumb/v7-m/libstdc++_nano.a(eh_personality.o)
                0x08003eec                __gxx_personality_v0
 .text.__cxa_pure_virtual
                0x0800426c        0x6 /usr/bin/../lib/gcc/arm-none-eabi/7.2.1/../../../../arm-none-eabi/lib/thumb/v7-m/libstdc++_nano.a(pure.o)
                0x0800426c                __cxa_pure_virtual
 .text.__cxa_end_cleanup
                0x08004272        0xc /usr/bin/../lib/gcc/arm-none-eabi/7.2.1/../../../../arm-none-eabi/lib/thumb/v7-m/libstdc++_nano.a(eh_arm.o)
                0x08004272                __cxa_end_cleanup
 .text._ZN10__cxxabiv1L24__is_gxx_exception_classEPc
                0x0800427e       0x3a /usr/bin/../lib/gcc/arm-none-eabi/7.2.1/../../../../arm-none-eabi/lib/thumb/v7-m/libstdc++_nano.a(eh_arm.o)
 .text.__cxa_type_match
                0x080042b8       0xbc /usr/bin/../lib/gcc/arm-none-eabi/7.2.1/../../../../arm-none-eabi/lib/thumb/v7-m/libstdc++_nano.a(eh_arm.o)
                0x080042b8                __cxa_type_match
 .text.__cxa_begin_cleanup
                0x08004374       0x3a /usr/bin/../lib/gcc/arm-none-eabi/7.2.1/../../../../arm-none-eabi/lib/thumb/v7-m/libstdc++_nano.a(eh_arm.o)
                0x08004374                __cxa_begin_cleanup
 .text.__gnu_end_cleanup
                0x080043ae       0x32 /usr/bin/../lib/gcc/arm-none-eabi/7.2.1/../../../../arm-none-eabi/lib/thumb/v7-m/libstdc++_nano.a(eh_arm.o)
                0x080043ae                __gnu_end_cleanup
 .text._ZN10__cxxabiv1L24__is_gxx_exception_classEPc
                0x080043e0       0x3a /usr/bin/../lib/gcc/arm-none-eabi/7.2.1/../../../../arm-none-eabi/lib/thumb/v7-m/libstdc++_nano.a(eh_call.o)
 .text.__cxa_call_terminate
                0x0800441a       0x1e /usr/bin/../lib/gcc/arm-none-eabi/7.2.1/../../../../arm-none-eabi/lib/thumb/v7-m/libstdc++_nano.a(eh_call.o)
                0x0800441a                __cxa_call_terminate
 .text.__cxa_call_unexpected
                0x08004438       0x28 /usr/bin/../lib/gcc/arm-none-eabi/7.2.1/../../../../arm-none-eabi/lib/thumb/v7-m/libstdc++_nano.a(eh_call.o)
                0x08004438                __cxa_call_unexpected
 .text._ZN10__cxxabiv1L24__is_gxx_exception_classEPc
                0x08004460       0x3a /usr/bin/../lib/gcc/arm-none-eabi/7.2.1/../../../../arm-none-eabi/lib/thumb/v7-m/libstdc++_nano.a(eh_catch.o)
 .text.__cxa_begin_catch
                0x0800449a       0x54 /usr/bin/../lib/gcc/arm-none-eabi/7.2.1/../../../../arm-none-eabi/lib/thumb/v7-m/libstdc++_nano.a(eh_catch.o)
                0x0800449a                __cxa_begin_catch
 .text._ZN10__cxxabiv111__terminateEPFvvE
                0x080044ee        0x8 /usr/bin/../lib/gcc/arm-none-eabi/7.2.1/../../../../arm-none-eabi/lib/thumb/v7-m/libstdc++_nano.a(eh_terminate.o)
                0x080044ee                __cxxabiv1::__terminate(void (*)())
 *fill*         0x080044f6        0x2 
 .text._ZSt13get_terminatev
                0x080044f8       0x10 /usr/bin/../lib/gcc/arm-none-eabi/7.2.1/../../../../arm-none-eabi/lib/thumb/v7-m/libstdc++_nano.a(eh_terminate.o)
                0x080044f8                std::get_terminate()
 .text._ZSt9terminatev
                0x08004508        0xa /usr/bin/../lib/gcc/arm-none-eabi/7.2.1/../../../../arm-none-eabi/lib/thumb/v7-m/libstdc++_nano.a(eh_terminate.o)
                0x08004508                std::terminate()
 .text._ZN10__cxxabiv112__unexpectedEPFvvE
                0x08004512        0x8 /usr/bin/../lib/gcc/arm-none-eabi/7.2.1/../../../../arm-none-eabi/lib/thumb/v7-m/libstdc++_nano.a(eh_terminate.o)
                0x08004512                __cxxabiv1::__unexpected(void (*)())
 *fill*         0x0800451a        0x2 
 .text._ZSt14get_unexpectedv
                0x0800451c       0x10 /usr/bin/../lib/gcc/arm-none-eabi/7.2.1/../../../../arm-none-eabi/lib/thumb/v7-m/libstdc++_nano.a(eh_terminate.o)
                0x0800451c                std::get_unexpected()
 .text._ZSt10unexpectedv
                0x0800452c        0xa /usr/bin/../lib/gcc/arm-none-eabi/7.2.1/../../../../arm-none-eabi/lib/thumb/v7-m/libstdc++_nano.a(eh_terminate.o)
                0x0800452c                std::unexpected()
 *fill*         0x08004536        0x2 
 .text.__cxa_get_globals
                0x08004538        0x8 /usr/bin/../lib/gcc/arm-none-eabi/7.2.1/../../../../arm-none-eabi/lib/thumb/v7-m/libstdc++_nano.a(eh_globals.o)
                0x08004538                __cxa_get_globals
 .text._ZNK10__cxxabiv117__class_type_info11__do_upcastEPKS0_PPv
                0x08004540       0x34 /usr/bin/../lib/gcc/arm-none-eabi/7.2.1/../../../../arm-none-eabi/lib/thumb/v7-m/libstdc++_nano.a(class_type_info.o)
                0x08004540                __cxxabiv1::__class_type_info::__do_upcast(__cxxabiv1::__class_type_info const*, void**) const
 .text._ZNK10__cxxabiv117__class_type_info20__do_find_public_srcEiPKvPKS0_S2_
                0x08004574        0xc /usr/bin/../lib/gcc/arm-none-eabi/7.2.1/../../../../arm-none-eabi/lib/thumb/v7-m/libstdc++_nano.a(class_type_info.o)
                0x08004574                __cxxabiv1::__class_type_info::__do_find_public_src(int, void const*, __cxxabiv1::__class_type_info const*, void const*) const
 .text._ZN10__cxxabiv117__class_type_infoD2Ev
                0x08004580       0x14 /usr/bin/../lib/gcc/arm-none-eabi/7.2.1/../../../../arm-none-eabi/lib/thumb/v7-m/libstdc++_nano.a(class_type_info.o)
                0x08004580                __cxxabiv1::__class_type_info::~__class_type_info()
                0x08004580                __cxxabiv1::__class_type_info::~__class_type_info()
 .text._ZN10__cxxabiv117__class_type_infoD0Ev
                0x08004594       0x14 /usr/bin/../lib/gcc/arm-none-eabi/7.2.1/../../../../arm-none-eabi/lib/thumb/v7-m/libstdc++_nano.a(class_type_info.o)
                0x08004594                __cxxabiv1::__class_type_info::~__class_type_info()
 .text._ZNK10__cxxabiv117__class_type_info12__do_dyncastEiNS0_10__sub_kindEPKS0_PKvS3_S5_RNS0_16__dyncast_resultE
                0x080045a8       0x3a /usr/bin/../lib/gcc/arm-none-eabi/7.2.1/../../../../arm-none-eabi/lib/thumb/v7-m/libstdc++_nano.a(class_type_info.o)
                0x080045a8                __cxxabiv1::__class_type_info::__do_dyncast(int, __cxxabiv1::__class_type_info::__sub_kind, __cxxabiv1::__class_type_info const*, void const*, __cxxabiv1::__class_type_info const*, void const*, __cxxabiv1::__class_type_info::__dyncast_result&) const
 .text._ZNK10__cxxabiv117__class_type_info11__do_upcastEPKS0_PKvRNS0_15__upcast_resultE
                0x080045e2       0x18 /usr/bin/../lib/gcc/arm-none-eabi/7.2.1/../../../../arm-none-eabi/lib/thumb/v7-m/libstdc++_nano.a(class_type_info.o)
                0x080045e2                __cxxabiv1::__class_type_info::__do_upcast(__cxxabiv1::__class_type_info const*, void const*, __cxxabiv1::__class_type_info::__upcast_result&) const
 .text._ZNK10__cxxabiv117__class_type_info10__do_catchEPKSt9type_infoPPvj
                0x080045fa       0x2a /usr/bin/../lib/gcc/arm-none-eabi/7.2.1/../../../../arm-none-eabi/lib/thumb/v7-m/libstdc++_nano.a(class_type_info.o)
                0x080045fa                __cxxabiv1::__class_type_info::__do_catch(std::type_info const*, void**, unsigned int) const
 .text._ZdlPvj  0x08004624        0x4 /usr/bin/../lib/gcc/arm-none-eabi/7.2.1/../../../../arm-none-eabi/lib/thumb/v7-m/libstdc++_nano.a(del_ops.o)
                0x08004624                operator delete(void*, unsigned int)
 .text._ZN10__cxxabiv120__si_class_type_infoD2Ev
                0x08004628       0x14 /usr/bin/../lib/gcc/arm-none-eabi/7.2.1/../../../../arm-none-eabi/lib/thumb/v7-m/libstdc++_nano.a(si_class_type_info.o)
                0x08004628                __cxxabiv1::__si_class_type_info::~__si_class_type_info()
                0x08004628                __cxxabiv1::__si_class_type_info::~__si_class_type_info()
 .text._ZN10__cxxabiv120__si_class_type_infoD0Ev
                0x0800463c       0x14 /usr/bin/../lib/gcc/arm-none-eabi/7.2.1/../../../../arm-none-eabi/lib/thumb/v7-m/libstdc++_nano.a(si_class_type_info.o)
                0x0800463c                __cxxabiv1::__si_class_type_info::~__si_class_type_info()
 .text._ZNK10__cxxabiv120__si_class_type_info20__do_find_public_srcEiPKvPKNS_17__class_type_infoES2_
                0x08004650       0x38 /usr/bin/../lib/gcc/arm-none-eabi/7.2.1/../../../../arm-none-eabi/lib/thumb/v7-m/libstdc++_nano.a(si_class_type_info.o)
                0x08004650                __cxxabiv1::__si_class_type_info::__do_find_public_src(int, void const*, __cxxabiv1::__class_type_info const*, void const*) const
 .text._ZNK10__cxxabiv120__si_class_type_info12__do_dyncastEiNS_17__class_type_info10__sub_kindEPKS1_PKvS4_S6_RNS1_16__dyncast_resultE
                0x08004688       0x74 /usr/bin/../lib/gcc/arm-none-eabi/7.2.1/../../../../arm-none-eabi/lib/thumb/v7-m/libstdc++_nano.a(si_class_type_info.o)
                0x08004688                __cxxabiv1::__si_class_type_info::__do_dyncast(int, __cxxabiv1::__class_type_info::__sub_kind, __cxxabiv1::__class_type_info const*, void const*, __cxxabiv1::__class_type_info const*, void const*, __cxxabiv1::__class_type_info::__dyncast_result&) const
 .text._ZNK10__cxxabiv120__si_class_type_info11__do_upcastEPKNS_17__class_type_infoEPKvRNS1_15__upcast_resultE
                0x080046fc       0x2a /usr/bin/../lib/gcc/arm-none-eabi/7.2.1/../../../../arm-none-eabi/lib/thumb/v7-m/libstdc++_nano.a(si_class_type_info.o)
                0x080046fc                __cxxabiv1::__si_class_type_info::__do_upcast(__cxxabiv1::__class_type_info const*, void const*, __cxxabiv1::__class_type_info::__upcast_result&) const
 .text._ZNSt9type_infoD2Ev
                0x08004726        0x2 /usr/bin/../lib/gcc/arm-none-eabi/7.2.1/../../../../arm-none-eabi/lib/thumb/v7-m/libstdc++_nano.a(tinfo.o)
                0x08004726                std::type_info::~type_info()
                0x08004726                std::type_info::~type_info()
 .text._ZNKSt9type_info14__is_pointer_pEv
                0x08004728        0x4 /usr/bin/../lib/gcc/arm-none-eabi/7.2.1/../../../../arm-none-eabi/lib/thumb/v7-m/libstdc++_nano.a(tinfo.o)
                0x08004728                std::type_info::__is_function_p() const
                0x08004728                std::type_info::__is_pointer_p() const
 .text._ZNKSt9type_infoeqERKS_
                0x0800472c       0x2c /usr/bin/../lib/gcc/arm-none-eabi/7.2.1/../../../../arm-none-eabi/lib/thumb/v7-m/libstdc++_nano.a(tinfo.o)
                0x0800472c                std::type_info::operator==(std::type_info const&) const
 .text.abort    0x08004758        0xe /usr/bin/../lib/gcc/arm-none-eabi/7.2.1/../../../../arm-none-eabi/lib/thumb/v7-m/libg_nano.a(lib_a-abort.o)
                0x08004758                abort
 .text.__itoa   0x08004766       0x30 /usr/bin/../lib/gcc/arm-none-eabi/7.2.1/../../../../arm-none-eabi/lib/thumb/v7-m/libg_nano.a(lib_a-itoa.o)
                0x08004766                __itoa
 .text.itoa     0x08004796        0x4 /usr/bin/../lib/gcc/arm-none-eabi/7.2.1/../../../../arm-none-eabi/lib/thumb/v7-m/libg_nano.a(lib_a-itoa.o)
                0x08004796                itoa
 *fill*         0x0800479a        0x2 
 .text.malloc   0x0800479c       0x10 /usr/bin/../lib/gcc/arm-none-eabi/7.2.1/../../../../arm-none-eabi/lib/thumb/v7-m/libg_nano.a(lib_a-malloc.o)
                0x0800479c                malloc
 .text.free     0x080047ac       0x10 /usr/bin/../lib/gcc/arm-none-eabi/7.2.1/../../../../arm-none-eabi/lib/thumb/v7-m/libg_nano.a(lib_a-malloc.o)
                0x080047ac                free
 .text.memcpy   0x080047bc       0x16 /usr/bin/../lib/gcc/arm-none-eabi/7.2.1/../../../../arm-none-eabi/lib/thumb/v7-m/libg_nano.a(lib_a-memcpy-stub.o)
                0x080047bc                memcpy
 *fill*         0x080047d2        0x2 
 .text._free_r  0x080047d4       0x98 /usr/bin/../lib/gcc/arm-none-eabi/7.2.1/../../../../arm-none-eabi/lib/thumb/v7-m/libg_nano.a(lib_a-nano-freer.o)
                0x080047d4                _free_r
 .text._malloc_r
                0x0800486c       0xb4 /usr/bin/../lib/gcc/arm-none-eabi/7.2.1/../../../../arm-none-eabi/lib/thumb/v7-m/libg_nano.a(lib_a-nano-mallocr.o)
                0x0800486c                _malloc_r
 .text._sbrk_r  0x08004920       0x20 /usr/bin/../lib/gcc/arm-none-eabi/7.2.1/../../../../arm-none-eabi/lib/thumb/v7-m/libg_nano.a(lib_a-sbrkr.o)
                0x08004920                _sbrk_r
 .text._raise_r
                0x08004940       0x50 /usr/bin/../lib/gcc/arm-none-eabi/7.2.1/../../../../arm-none-eabi/lib/thumb/v7-m/libg_nano.a(lib_a-signal.o)
                0x08004940                _raise_r
 .text.raise    0x08004990       0x10 /usr/bin/../lib/gcc/arm-none-eabi/7.2.1/../../../../arm-none-eabi/lib/thumb/v7-m/libg_nano.a(lib_a-signal.o)
                0x08004990                raise
 .text._kill_r  0x080049a0       0x24 /usr/bin/../lib/gcc/arm-none-eabi/7.2.1/../../../../arm-none-eabi/lib/thumb/v7-m/libg_nano.a(lib_a-signalr.o)
                0x080049a0                _kill_r
 .text._getpid_r
                0x080049c4        0x4 /usr/bin/../lib/gcc/arm-none-eabi/7.2.1/../../../../arm-none-eabi/lib/thumb/v7-m/libg_nano.a(lib_a-signalr.o)
                0x080049c4                _getpid_r
 .text.__utoa   0x080049c8       0x7c /usr/bin/../lib/gcc/arm-none-eabi/7.2.1/../../../../arm-none-eabi/lib/thumb/v7-m/libg_nano.a(lib_a-utoa.o)
                0x080049c8                __utoa
 .text.__malloc_lock
                0x08004a44        0x2 /usr/bin/../lib/gcc/arm-none-eabi/7.2.1/../../../../arm-none-eabi/lib/thumb/v7-m/libg_nano.a(lib_a-mlock.o)
                0x08004a44                __malloc_lock
 .text.__malloc_unlock
                0x08004a46        0x2 /usr/bin/../lib/gcc/arm-none-eabi/7.2.1/../../../../arm-none-eabi/lib/thumb/v7-m/libg_nano.a(lib_a-mlock.o)
                0x08004a46                __malloc_unlock
 .text._getpid  0x08004a48       0x10 /usr/bin/../lib/gcc/arm-none-eabi/7.2.1/../../../../arm-none-eabi/lib/thumb/v7-m/libnosys.a(getpid.o)
                0x08004a48                _getpid
 .text._kill    0x08004a58       0x10 /usr/bin/../lib/gcc/arm-none-eabi/7.2.1/../../../../arm-none-eabi/lib/thumb/v7-m/libnosys.a(kill.o)
                0x08004a58                _kill
 .text._sbrk    0x08004a68       0x1c /usr/bin/../lib/gcc/arm-none-eabi/7.2.1/../../../../arm-none-eabi/lib/thumb/v7-m/libnosys.a(sbrk.o)
                0x08004a68                _sbrk
 .text._exit    0x08004a84        0x4 /usr/bin/../lib/gcc/arm-none-eabi/7.2.1/../../../../arm-none-eabi/lib/thumb/v7-m/libnosys.a(_exit.o)
                0x08004a84                _exit
 *(.glue_7)
 .glue_7        0x08004a88        0x0 linker stubs
 *(.glue_7t)
 .glue_7t       0x08004a88        0x0 linker stubs
 *(.eh_frame)
 .eh_frame      0x08004a88        0x0 /usr/bin/../lib/gcc/arm-none-eabi/7.2.1/thumb/v7-m/crtbegin.o
 *(.init)
 .init          0x08004a88        0x4 /usr/bin/../lib/gcc/arm-none-eabi/7.2.1/thumb/v7-m/crti.o
                0x08004a88                _init
 .init          0x08004a8c        0x8 /usr/bin/../lib/gcc/arm-none-eabi/7.2.1/thumb/v7-m/crtn.o
 *(.fini)
 .fini          0x08004a94        0x4 /usr/bin/../lib/gcc/arm-none-eabi/7.2.1/thumb/v7-m/crti.o
                0x08004a94                _fini
 .fini          0x08004a98        0x8 /usr/bin/../lib/gcc/arm-none-eabi/7.2.1/thumb/v7-m/crtn.o
                0x08004aa0                . = ALIGN (0x4)
                0x08004aa0                _etext = .

.vfp11_veneer   0x08004aa0        0x0
 .vfp11_veneer  0x08004aa0        0x0 linker stubs

.v4_bx          0x08004aa0        0x0
 .v4_bx         0x08004aa0        0x0 linker stubs

.iplt           0x08004aa0        0x0
 .iplt          0x08004aa0        0x0 /usr/bin/../lib/gcc/arm-none-eabi/7.2.1/thumb/v7-m/crtbegin.o

.rodata         0x08004aa0      0x294
                0x08004aa0                . = ALIGN (0x4)
 *(.rodata)
 .rodata        0x08004aa0       0x12 libstm32cube.a(stm32f1xx_hal_rcc.c.obj)
 *(.rodata*)
 *fill*         0x08004ab2        0x2 
 .rodata._global_impure_ptr
                0x08004ab4        0x4 /usr/bin/../lib/gcc/arm-none-eabi/7.2.1/../../../../arm-none-eabi/lib/thumb/v7-m/libc.a(lib_a-impure.o)
                0x08004ab4                _global_impure_ptr
 .rodata.AHBPrescTable
                0x08004ab8       0x10 CMakeFiles/nucleo_f103rb.elf.dir/system_stm32f1xx.c.obj
                0x08004ab8                AHBPrescTable
 .rodata.APBPrescTable
                0x08004ac8        0x8 CMakeFiles/nucleo_f103rb.elf.dir/system_stm32f1xx.c.obj
                0x08004ac8                APBPrescTable
 .rodata._ZTVN6common8PlatformE
                0x08004ad0       0x14 CMakeFiles/nucleo_f103rb.elf.dir/main.cpp.obj
                0x08004ad0                vtable for common::Platform
 .rodata._ZTVN13nucleo_f103rb3LedE
                0x08004ae4       0x1c CMakeFiles/nucleo_f103rb.elf.dir/led.cpp.obj
                0x08004ae4                vtable for nucleo_f103rb::Led
 .rodata._ZTVN6common3LedE
                0x08004b00       0x1c CMakeFiles/nucleo_f103rb.elf.dir/led.cpp.obj
                0x08004b00                vtable for common::Led
 .rodata._ZTVN13nucleo_f103rb10Temp_SenseE
                0x08004b1c       0x1c CMakeFiles/nucleo_f103rb.elf.dir/temp_sense.cpp.obj
                0x08004b1c                vtable for nucleo_f103rb::Temp_Sense
 .rodata._ZTVN6common10Temp_SenseE
                0x08004b38       0x1c CMakeFiles/nucleo_f103rb.elf.dir/temp_sense.cpp.obj
                0x08004b38                vtable for common::Temp_Sense
 .rodata._ZTVN13nucleo_f103rb8PlatformE
                0x08004b54       0x14 CMakeFiles/nucleo_f103rb.elf.dir/platform.cpp.obj
                0x08004b54                vtable for nucleo_f103rb::Platform
 .rodata._ZL31seven_seg_digits_decode_gfedcba
                0x08004b68       0x4b CMakeFiles/nucleo_f103rb.elf.dir/display_seg.cpp.obj
 *fill*         0x08004bb3        0x1 
 .rodata._ZTVN13nucleo_f103rb11Display_SegE
                0x08004bb4       0x14 CMakeFiles/nucleo_f103rb.elf.dir/display_seg.cpp.obj
                0x08004bb4                vtable for nucleo_f103rb::Display_Seg
 .rodata._ZTVN6common11Display_SegE
                0x08004bc8       0x14 CMakeFiles/nucleo_f103rb.elf.dir/display_seg.cpp.obj
                0x08004bc8                vtable for common::Display_Seg
 *fill*         0x08004bdc        0x4 
 .rodata._ZNSt17integral_constantIxLx200EE5valueE
                0x08004be0        0x8 ../common/libcommon.a(application.cpp.obj)
                0x08004be0                std::integral_constant<long long, 200ll>::value
 .rodata._ZTIN10__cxxabiv115__forced_unwindE
                0x08004be8        0x8 /usr/bin/../lib/gcc/arm-none-eabi/7.2.1/../../../../arm-none-eabi/lib/thumb/v7-m/libstdc++_nano.a(eh_exception.o)
                0x08004be8                typeinfo for __cxxabiv1::__forced_unwind
 .rodata._ZTIN10__cxxabiv119__foreign_exceptionE
                0x08004bf0        0x8 /usr/bin/../lib/gcc/arm-none-eabi/7.2.1/../../../../arm-none-eabi/lib/thumb/v7-m/libstdc++_nano.a(eh_exception.o)
                0x08004bf0                typeinfo for __cxxabiv1::__foreign_exception
 .rodata._ZTSN10__cxxabiv115__forced_unwindE
                0x08004bf8       0x20 /usr/bin/../lib/gcc/arm-none-eabi/7.2.1/../../../../arm-none-eabi/lib/thumb/v7-m/libstdc++_nano.a(eh_exception.o)
                0x08004bf8                typeinfo name for __cxxabiv1::__forced_unwind
 .rodata._ZTSN10__cxxabiv119__foreign_exceptionE
                0x08004c18       0x24 /usr/bin/../lib/gcc/arm-none-eabi/7.2.1/../../../../arm-none-eabi/lib/thumb/v7-m/libstdc++_nano.a(eh_exception.o)
                0x08004c18                typeinfo name for __cxxabiv1::__foreign_exception
 .rodata._ZTIN10__cxxabiv117__class_type_infoE
                0x08004c3c        0xc /usr/bin/../lib/gcc/arm-none-eabi/7.2.1/../../../../arm-none-eabi/lib/thumb/v7-m/libstdc++_nano.a(class_type_info.o)
                0x08004c3c                typeinfo for __cxxabiv1::__class_type_info
 .rodata._ZTSN10__cxxabiv117__class_type_infoE
                0x08004c48       0x22 /usr/bin/../lib/gcc/arm-none-eabi/7.2.1/../../../../arm-none-eabi/lib/thumb/v7-m/libstdc++_nano.a(class_type_info.o)
                0x08004c48                typeinfo name for __cxxabiv1::__class_type_info
 *fill*         0x08004c6a        0x2 
 .rodata._ZTVN10__cxxabiv117__class_type_infoE
                0x08004c6c       0x2c /usr/bin/../lib/gcc/arm-none-eabi/7.2.1/../../../../arm-none-eabi/lib/thumb/v7-m/libstdc++_nano.a(class_type_info.o)
                0x08004c6c                vtable for __cxxabiv1::__class_type_info
 .rodata._ZTIN10__cxxabiv120__si_class_type_infoE
                0x08004c98        0xc /usr/bin/../lib/gcc/arm-none-eabi/7.2.1/../../../../arm-none-eabi/lib/thumb/v7-m/libstdc++_nano.a(si_class_type_info.o)
                0x08004c98                typeinfo for __cxxabiv1::__si_class_type_info
 .rodata._ZTSN10__cxxabiv120__si_class_type_infoE
                0x08004ca4       0x25 /usr/bin/../lib/gcc/arm-none-eabi/7.2.1/../../../../arm-none-eabi/lib/thumb/v7-m/libstdc++_nano.a(si_class_type_info.o)
                0x08004ca4                typeinfo name for __cxxabiv1::__si_class_type_info
 *fill*         0x08004cc9        0x3 
 .rodata._ZTVN10__cxxabiv120__si_class_type_infoE
                0x08004ccc       0x2c /usr/bin/../lib/gcc/arm-none-eabi/7.2.1/../../../../arm-none-eabi/lib/thumb/v7-m/libstdc++_nano.a(si_class_type_info.o)
                0x08004ccc                vtable for __cxxabiv1::__si_class_type_info
 .rodata._ZTISt9type_info
                0x08004cf8        0x8 /usr/bin/../lib/gcc/arm-none-eabi/7.2.1/../../../../arm-none-eabi/lib/thumb/v7-m/libstdc++_nano.a(tinfo.o)
                0x08004cf8                typeinfo for std::type_info
 .rodata._ZTSSt9type_info
                0x08004d00        0xd /usr/bin/../lib/gcc/arm-none-eabi/7.2.1/../../../../arm-none-eabi/lib/thumb/v7-m/libstdc++_nano.a(tinfo.o)
                0x08004d00                typeinfo name for std::type_info
 .rodata.__utoa.str1.1
                0x08004d0d       0x25 /usr/bin/../lib/gcc/arm-none-eabi/7.2.1/../../../../arm-none-eabi/lib/thumb/v7-m/libg_nano.a(lib_a-utoa.o)
                0x08004d34                . = ALIGN (0x4)
 *fill*         0x08004d32        0x2 

.ARM.extab      0x08004d34       0xe4
 *(.ARM.extab* .gnu.linkonce.armextab.*)
 .ARM.extab.text.st_init
                0x08004d34        0xc CMakeFiles/nucleo_f103rb.elf.dir/st_init.c.obj
 .ARM.extab.text.SysTick_Handler
                0x08004d40        0xc CMakeFiles/nucleo_f103rb.elf.dir/stm32f1xx_it.c.obj
 .ARM.extab.text._ZN6common8PlatformD2Ev
                0x08004d4c        0x0 CMakeFiles/nucleo_f103rb.elf.dir/main.cpp.obj
 .ARM.extab.text._ZN6common8PlatformD0Ev
                0x08004d4c        0x0 CMakeFiles/nucleo_f103rb.elf.dir/main.cpp.obj
 .ARM.extab.text.main
                0x08004d4c       0x18 CMakeFiles/nucleo_f103rb.elf.dir/main.cpp.obj
 .ARM.extab.text._ZN13nucleo_f103rb8PlatformD2Ev
                0x08004d64        0x0 CMakeFiles/nucleo_f103rb.elf.dir/main.cpp.obj
 .ARM.extab.text._ZN13nucleo_f103rb8PlatformD0Ev
                0x08004d64        0x0 CMakeFiles/nucleo_f103rb.elf.dir/main.cpp.obj
 .ARM.extab.text._ZN6common3LedC2Ev
                0x08004d64        0x0 CMakeFiles/nucleo_f103rb.elf.dir/led.cpp.obj
 .ARM.extab.text._ZN6common3LedD2Ev
                0x08004d64        0x0 CMakeFiles/nucleo_f103rb.elf.dir/led.cpp.obj
 .ARM.extab.text._ZN6common3LedD0Ev
                0x08004d64        0x0 CMakeFiles/nucleo_f103rb.elf.dir/led.cpp.obj
 .ARM.extab.text._ZN13nucleo_f103rb3LedC2Ev
                0x08004d64        0xc CMakeFiles/nucleo_f103rb.elf.dir/led.cpp.obj
 .ARM.extab.text._ZN13nucleo_f103rb3LedD2Ev
                0x08004d70        0xc CMakeFiles/nucleo_f103rb.elf.dir/led.cpp.obj
 .ARM.extab.text._ZN13nucleo_f103rb3Led2onEv
                0x08004d7c        0xc CMakeFiles/nucleo_f103rb.elf.dir/led.cpp.obj
 .ARM.extab.text._ZN13nucleo_f103rb3Led3offEv
                0x08004d88        0xc CMakeFiles/nucleo_f103rb.elf.dir/led.cpp.obj
 .ARM.extab.text._ZN13nucleo_f103rb3Led6toggleEv
                0x08004d94        0xc CMakeFiles/nucleo_f103rb.elf.dir/led.cpp.obj
 .ARM.extab.text._ZN6common10Temp_SenseC2Ev
                0x08004da0        0x0 CMakeFiles/nucleo_f103rb.elf.dir/temp_sense.cpp.obj
 .ARM.extab.text._ZN6common10Temp_SenseD2Ev
                0x08004da0        0x0 CMakeFiles/nucleo_f103rb.elf.dir/temp_sense.cpp.obj
 .ARM.extab.text._ZN6common10Temp_SenseD0Ev
                0x08004da0        0x0 CMakeFiles/nucleo_f103rb.elf.dir/temp_sense.cpp.obj
 .ARM.extab.text._ZN13nucleo_f103rb10Temp_SenseC2Ev
                0x08004da0        0xc CMakeFiles/nucleo_f103rb.elf.dir/temp_sense.cpp.obj
 .ARM.extab.text._ZN13nucleo_f103rb10Temp_Sense18Read_Temp_RegisterEPi
                0x08004dac        0xc CMakeFiles/nucleo_f103rb.elf.dir/temp_sense.cpp.obj
 .ARM.extab.text._ZN13nucleo_f103rb10Temp_Sense14write_registerEv
                0x08004db8        0xc CMakeFiles/nucleo_f103rb.elf.dir/temp_sense.cpp.obj
 .ARM.extab.text._ZN13nucleo_f103rb10Temp_Sense16Init_Temp_SensorEv
                0x08004dc4        0xc CMakeFiles/nucleo_f103rb.elf.dir/temp_sense.cpp.obj
 .ARM.extab.text._ZNKSt6chrono8durationIxSt5ratioILx1ELx1000EEE5countEv
                0x08004dd0        0x0 CMakeFiles/nucleo_f103rb.elf.dir/platform.cpp.obj
 .ARM.extab.text._ZN6common11Display_SegC2Ev
                0x08004dd0        0x0 CMakeFiles/nucleo_f103rb.elf.dir/display_seg.cpp.obj
 .ARM.extab.text._ZN6common11Display_SegD2Ev
                0x08004dd0        0x0 CMakeFiles/nucleo_f103rb.elf.dir/display_seg.cpp.obj
 .ARM.extab.text._ZN6common11Display_SegD0Ev
                0x08004dd0        0x0 CMakeFiles/nucleo_f103rb.elf.dir/display_seg.cpp.obj
 .ARM.extab.text._ZN13nucleo_f103rb11Display_SegC2Ev
                0x08004dd0        0xc CMakeFiles/nucleo_f103rb.elf.dir/display_seg.cpp.obj
 .ARM.extab.text._ZN13nucleo_f103rb11Display_Seg11display_valEhPi
                0x08004ddc        0xc CMakeFiles/nucleo_f103rb.elf.dir/display_seg.cpp.obj
 .ARM.extab.text.HAL_Init
                0x08004de8        0xc libstm32cube.a(stm32f1xx_hal.c.obj)
 .ARM.extab.text.BSP_i2c_init
                0x08004df4        0xc ../external/libnucleobsp.a(stm32f1xx_nucleo.c.obj)
 .ARM.extab.text._ZNSt8literals15chrono_literalsli2msIJLc50ELc48ELc48EEEENSt6chrono8durationIxSt5ratioILx1ELx1000EEEEv
                0x08004e00        0x0 ../common/libcommon.a(application.cpp.obj)
 .ARM.extab.text._ZNSt8literals15chrono_literals16__check_overflowINSt6chrono8durationIxSt5ratioILx1ELx1000EEEEJLc50ELc48ELc48EEEET_v
                0x08004e00        0x0 ../common/libcommon.a(application.cpp.obj)
 .ARM.extab.text._ZNSt6chrono8durationIxSt5ratioILx1ELx1000EEEC2IxvEERKT_
                0x08004e00        0x0 ../common/libcommon.a(application.cpp.obj)
 .ARM.extab     0x08004e00       0x18 /usr/bin/../lib/gcc/arm-none-eabi/7.2.1/thumb/v7-m/libgcc.a(pr-support.o)

.ARM            0x08004e18      0x248
                0x08004e18                __exidx_start = .
 *(.ARM.exidx*)
 .ARM.exidx.text.st_init
                0x08004ed0        0x8 CMakeFiles/nucleo_f103rb.elf.dir/st_init.c.obj
 .ARM.exidx.text.SystemClock_Config
                0x08004ed8       0x10 CMakeFiles/nucleo_f103rb.elf.dir/st_init.c.obj
                                  0x8 (size before relaxing)
 .ARM.exidx.text.HAL_I2C_MspInit
                0x08004ee8        0x8 CMakeFiles/nucleo_f103rb.elf.dir/stm32f1xx_hal_msp.c.obj
 .ARM.exidx.text.NMI_Handler
                0x08004ef0        0x8 CMakeFiles/nucleo_f103rb.elf.dir/stm32f1xx_it.c.obj
 .ARM.exidx.text.HardFault_Handler
                0x08004ef8        0x0 CMakeFiles/nucleo_f103rb.elf.dir/stm32f1xx_it.c.obj
                                  0x8 (size before relaxing)
 .ARM.exidx.text.MemManage_Handler
                0x08004ef8        0x0 CMakeFiles/nucleo_f103rb.elf.dir/stm32f1xx_it.c.obj
                                  0x8 (size before relaxing)
 .ARM.exidx.text.BusFault_Handler
                0x08004ef8        0x0 CMakeFiles/nucleo_f103rb.elf.dir/stm32f1xx_it.c.obj
                                  0x8 (size before relaxing)
 .ARM.exidx.text.UsageFault_Handler
                0x08004ef8        0x0 CMakeFiles/nucleo_f103rb.elf.dir/stm32f1xx_it.c.obj
                                  0x8 (size before relaxing)
 .ARM.exidx.text.SVC_Handler
                0x08004ef8        0x0 CMakeFiles/nucleo_f103rb.elf.dir/stm32f1xx_it.c.obj
                                  0x8 (size before relaxing)
 .ARM.exidx.text.DebugMon_Handler
                0x08004ef8        0x0 CMakeFiles/nucleo_f103rb.elf.dir/stm32f1xx_it.c.obj
                                  0x8 (size before relaxing)
 .ARM.exidx.text.PendSV_Handler
                0x08004ef8        0x0 CMakeFiles/nucleo_f103rb.elf.dir/stm32f1xx_it.c.obj
                                  0x8 (size before relaxing)
 .ARM.exidx.text.SysTick_Handler
                0x08004ef8        0x8 CMakeFiles/nucleo_f103rb.elf.dir/stm32f1xx_it.c.obj
 .ARM.exidx.text.SystemInit
                0x08004f00        0x8 CMakeFiles/nucleo_f103rb.elf.dir/system_stm32f1xx.c.obj
 .ARM.exidx.text._ZN6common8PlatformD2Ev
                0x08004f08        0x0 CMakeFiles/nucleo_f103rb.elf.dir/main.cpp.obj
                                  0x8 (size before relaxing)
 .ARM.exidx.text._ZN6common8PlatformD0Ev
                0x08004f08        0x0 CMakeFiles/nucleo_f103rb.elf.dir/main.cpp.obj
                                  0x8 (size before relaxing)
 .ARM.exidx.text.main
                0x08004f08        0x8 CMakeFiles/nucleo_f103rb.elf.dir/main.cpp.obj
 .ARM.exidx.text._ZN13nucleo_f103rb8PlatformD2Ev
                0x08004f10        0x8 CMakeFiles/nucleo_f103rb.elf.dir/main.cpp.obj
 .ARM.exidx.text._ZN13nucleo_f103rb8PlatformD0Ev
                0x08004f18        0x0 CMakeFiles/nucleo_f103rb.elf.dir/main.cpp.obj
                                  0x8 (size before relaxing)
 .ARM.exidx.text._ZN6common3LedC2Ev
                0x08004f18        0x0 CMakeFiles/nucleo_f103rb.elf.dir/led.cpp.obj
                                  0x8 (size before relaxing)
 .ARM.exidx.text._ZN6common3LedD2Ev
                0x08004f18        0x0 CMakeFiles/nucleo_f103rb.elf.dir/led.cpp.obj
                                  0x8 (size before relaxing)
 .ARM.exidx.text._ZN6common3LedD0Ev
                0x08004f18        0x0 CMakeFiles/nucleo_f103rb.elf.dir/led.cpp.obj
                                  0x8 (size before relaxing)
 .ARM.exidx.text._ZN13nucleo_f103rb3LedC2Ev
                0x08004f18        0x8 CMakeFiles/nucleo_f103rb.elf.dir/led.cpp.obj
 .ARM.exidx.text._ZN13nucleo_f103rb3LedD2Ev
                0x08004f20        0x8 CMakeFiles/nucleo_f103rb.elf.dir/led.cpp.obj
 .ARM.exidx.text._ZN13nucleo_f103rb3LedD0Ev
                0x08004f28        0x8 CMakeFiles/nucleo_f103rb.elf.dir/led.cpp.obj
 .ARM.exidx.text._ZN13nucleo_f103rb3Led2onEv
                0x08004f30        0x8 CMakeFiles/nucleo_f103rb.elf.dir/led.cpp.obj
 .ARM.exidx.text._ZN13nucleo_f103rb3Led3offEv
                0x08004f38        0x8 CMakeFiles/nucleo_f103rb.elf.dir/led.cpp.obj
 .ARM.exidx.text._ZN13nucleo_f103rb3Led6toggleEv
                0x08004f40        0x8 CMakeFiles/nucleo_f103rb.elf.dir/led.cpp.obj
 .ARM.exidx.text._ZN6common10Temp_SenseC2Ev
                0x08004f48        0x8 CMakeFiles/nucleo_f103rb.elf.dir/temp_sense.cpp.obj
 .ARM.exidx.text._ZN6common10Temp_SenseD2Ev
                0x08004f50        0x0 CMakeFiles/nucleo_f103rb.elf.dir/temp_sense.cpp.obj
                                  0x8 (size before relaxing)
 .ARM.exidx.text._ZN6common10Temp_SenseD0Ev
                0x08004f50        0x0 CMakeFiles/nucleo_f103rb.elf.dir/temp_sense.cpp.obj
                                  0x8 (size before relaxing)
 .ARM.exidx.text._ZN13nucleo_f103rb10Temp_SenseC2Ev
                0x08004f50        0x8 CMakeFiles/nucleo_f103rb.elf.dir/temp_sense.cpp.obj
 .ARM.exidx.text._ZN13nucleo_f103rb10Temp_SenseD2Ev
                0x08004f58        0x8 CMakeFiles/nucleo_f103rb.elf.dir/temp_sense.cpp.obj
 .ARM.exidx.text._ZN13nucleo_f103rb10Temp_SenseD0Ev
                0x08004f60        0x0 CMakeFiles/nucleo_f103rb.elf.dir/temp_sense.cpp.obj
                                  0x8 (size before relaxing)
 .ARM.exidx.text._ZN13nucleo_f103rb10Temp_Sense18Read_Temp_RegisterEPi
                0x08004f60        0x8 CMakeFiles/nucleo_f103rb.elf.dir/temp_sense.cpp.obj
 .ARM.exidx.text._ZN13nucleo_f103rb10Temp_Sense14write_registerEv
                0x08004f68        0x8 CMakeFiles/nucleo_f103rb.elf.dir/temp_sense.cpp.obj
 .ARM.exidx.text._ZN13nucleo_f103rb10Temp_Sense16Init_Temp_SensorEv
                0x08004f70        0x8 CMakeFiles/nucleo_f103rb.elf.dir/temp_sense.cpp.obj
 .ARM.exidx.text._ZNKSt6chrono8durationIxSt5ratioILx1ELx1000EEE5countEv
                0x08004f78        0x8 CMakeFiles/nucleo_f103rb.elf.dir/platform.cpp.obj
 .ARM.exidx.text._ZNK13nucleo_f103rb8Platform5delayENSt6chrono8durationIxSt5ratioILx1ELx1000EEEE
                0x08004f80        0x8 CMakeFiles/nucleo_f103rb.elf.dir/platform.cpp.obj
 .ARM.exidx.text._ZN6common11Display_SegC2Ev
                0x08004f88        0x8 CMakeFiles/nucleo_f103rb.elf.dir/display_seg.cpp.obj
 .ARM.exidx.text._ZN6common11Display_SegD2Ev
                0x08004f90        0x0 CMakeFiles/nucleo_f103rb.elf.dir/display_seg.cpp.obj
                                  0x8 (size before relaxing)
 .ARM.exidx.text._ZN6common11Display_SegD0Ev
                0x08004f90        0x0 CMakeFiles/nucleo_f103rb.elf.dir/display_seg.cpp.obj
                                  0x8 (size before relaxing)
 .ARM.exidx.text._ZN13nucleo_f103rb11Display_SegC2Ev
                0x08004f90        0x8 CMakeFiles/nucleo_f103rb.elf.dir/display_seg.cpp.obj
 .ARM.exidx.text._ZN13nucleo_f103rb11Display_SegD2Ev
                0x08004f98        0x8 CMakeFiles/nucleo_f103rb.elf.dir/display_seg.cpp.obj
 .ARM.exidx.text._ZN13nucleo_f103rb11Display_SegD0Ev
                0x08004fa0        0x0 CMakeFiles/nucleo_f103rb.elf.dir/display_seg.cpp.obj
                                  0x8 (size before relaxing)
 .ARM.exidx.text._ZN13nucleo_f103rb11Display_Seg11display_valEhPi
                0x08004fa0        0x8 CMakeFiles/nucleo_f103rb.elf.dir/display_seg.cpp.obj
 .ARM.exidx.text.HAL_Init
                0x08004fa8        0x8 libstm32cube.a(stm32f1xx_hal.c.obj)
 .ARM.exidx.text.HAL_MspInit
                0x08004fb0        0x8 libstm32cube.a(stm32f1xx_hal.c.obj)
 .ARM.exidx.text.HAL_InitTick
                0x08004fb8        0x8 libstm32cube.a(stm32f1xx_hal.c.obj)
 .ARM.exidx.text.HAL_IncTick
                0x08004fc0        0x8 libstm32cube.a(stm32f1xx_hal.c.obj)
 .ARM.exidx.text.HAL_GetTick
                0x08004fc8        0x0 libstm32cube.a(stm32f1xx_hal.c.obj)
                                  0x8 (size before relaxing)
 .ARM.exidx.text.HAL_Delay
                0x08004fc8        0x8 libstm32cube.a(stm32f1xx_hal.c.obj)
 .ARM.exidx.text.NVIC_SetPriorityGrouping
                0x08004fd0        0x8 libstm32cube.a(stm32f1xx_hal_cortex.c.obj)
 .ARM.exidx.text.NVIC_GetPriorityGrouping
                0x08004fd8        0x0 libstm32cube.a(stm32f1xx_hal_cortex.c.obj)
                                  0x8 (size before relaxing)
 .ARM.exidx.text.NVIC_EnableIRQ
                0x08004fd8        0x0 libstm32cube.a(stm32f1xx_hal_cortex.c.obj)
                                  0x8 (size before relaxing)
 .ARM.exidx.text.NVIC_SetPriority
                0x08004fd8        0x0 libstm32cube.a(stm32f1xx_hal_cortex.c.obj)
                                  0x8 (size before relaxing)
 .ARM.exidx.text.NVIC_EncodePriority
                0x08004fd8        0x0 libstm32cube.a(stm32f1xx_hal_cortex.c.obj)
                                  0x8 (size before relaxing)
 .ARM.exidx.text.SysTick_Config
                0x08004fd8        0x0 libstm32cube.a(stm32f1xx_hal_cortex.c.obj)
                                  0x8 (size before relaxing)
 .ARM.exidx.text.HAL_NVIC_SetPriorityGrouping
                0x08004fd8        0x0 libstm32cube.a(stm32f1xx_hal_cortex.c.obj)
                                  0x8 (size before relaxing)
 .ARM.exidx.text.HAL_NVIC_SetPriority
                0x08004fd8        0x0 libstm32cube.a(stm32f1xx_hal_cortex.c.obj)
                                  0x8 (size before relaxing)
 .ARM.exidx.text.HAL_NVIC_EnableIRQ
                0x08004fd8        0x0 libstm32cube.a(stm32f1xx_hal_cortex.c.obj)
                                  0x8 (size before relaxing)
 .ARM.exidx.text.HAL_SYSTICK_Config
                0x08004fd8        0x0 libstm32cube.a(stm32f1xx_hal_cortex.c.obj)
                                  0x8 (size before relaxing)
 .ARM.exidx.text.HAL_GPIO_Init
                0x08004fd8        0x0 libstm32cube.a(stm32f1xx_hal_gpio.c.obj)
                                  0x8 (size before relaxing)
 .ARM.exidx.text.HAL_GPIO_DeInit
                0x08004fd8        0x0 libstm32cube.a(stm32f1xx_hal_gpio.c.obj)
                                  0x8 (size before relaxing)
 .ARM.exidx.text.HAL_GPIO_WritePin
                0x08004fd8        0x0 libstm32cube.a(stm32f1xx_hal_gpio.c.obj)
                                  0x8 (size before relaxing)
 .ARM.exidx.text.HAL_GPIO_TogglePin
                0x08004fd8        0x0 libstm32cube.a(stm32f1xx_hal_gpio.c.obj)
                                  0x8 (size before relaxing)
 .ARM.exidx.text.HAL_I2C_Init
                0x08004fd8        0x8 libstm32cube.a(stm32f1xx_hal_i2c.c.obj)
 .ARM.exidx.text.HAL_I2C_Master_Transmit
                0x08004fe0        0x8 libstm32cube.a(stm32f1xx_hal_i2c.c.obj)
 .ARM.exidx.text.HAL_I2C_Master_Receive
                0x08004fe8        0x8 libstm32cube.a(stm32f1xx_hal_i2c.c.obj)
 .ARM.exidx.text.HAL_I2C_Mem_Write
                0x08004ff0        0x8 libstm32cube.a(stm32f1xx_hal_i2c.c.obj)
 .ARM.exidx.text.I2C_MasterRequestWrite
                0x08004ff8        0x0 libstm32cube.a(stm32f1xx_hal_i2c.c.obj)
                                  0x8 (size before relaxing)
 .ARM.exidx.text.I2C_MasterRequestRead
                0x08004ff8        0x0 libstm32cube.a(stm32f1xx_hal_i2c.c.obj)
                                  0x8 (size before relaxing)
 .ARM.exidx.text.I2C_RequestMemoryWrite
                0x08004ff8        0x0 libstm32cube.a(stm32f1xx_hal_i2c.c.obj)
                                  0x8 (size before relaxing)
 .ARM.exidx.text.I2C_WaitOnFlagUntilTimeout
                0x08004ff8        0x8 libstm32cube.a(stm32f1xx_hal_i2c.c.obj)
 .ARM.exidx.text.I2C_WaitOnMasterAddressFlagUntilTimeout
                0x08005000        0x0 libstm32cube.a(stm32f1xx_hal_i2c.c.obj)
                                  0x8 (size before relaxing)
 .ARM.exidx.text.I2C_WaitOnTXEFlagUntilTimeout
                0x08005000        0x0 libstm32cube.a(stm32f1xx_hal_i2c.c.obj)
                                  0x8 (size before relaxing)
 .ARM.exidx.text.I2C_WaitOnBTFFlagUntilTimeout
                0x08005000        0x0 libstm32cube.a(stm32f1xx_hal_i2c.c.obj)
                                  0x8 (size before relaxing)
 .ARM.exidx.text.I2C_WaitOnRXNEFlagUntilTimeout
                0x08005000        0x0 libstm32cube.a(stm32f1xx_hal_i2c.c.obj)
                                  0x8 (size before relaxing)
 .ARM.exidx.text.I2C_IsAcknowledgeFailed
                0x08005000        0x8 libstm32cube.a(stm32f1xx_hal_i2c.c.obj)
 .ARM.exidx.text.HAL_RCC_OscConfig
                0x08005008        0x8 libstm32cube.a(stm32f1xx_hal_rcc.c.obj)
 .ARM.exidx.text.HAL_RCC_ClockConfig
                0x08005010        0x8 libstm32cube.a(stm32f1xx_hal_rcc.c.obj)
 .ARM.exidx.text.HAL_RCC_GetSysClockFreq
                0x08005018        0x8 libstm32cube.a(stm32f1xx_hal_rcc.c.obj)
 .ARM.exidx.text.HAL_RCC_GetHCLKFreq
                0x08005020        0x0 libstm32cube.a(stm32f1xx_hal_rcc.c.obj)
                                  0x8 (size before relaxing)
 .ARM.exidx.text.HAL_RCC_GetPCLK1Freq
                0x08005020        0x0 libstm32cube.a(stm32f1xx_hal_rcc.c.obj)
                                  0x8 (size before relaxing)
 .ARM.exidx.text.RCC_Delay
                0x08005020        0x0 libstm32cube.a(stm32f1xx_hal_rcc.c.obj)
                                  0x8 (size before relaxing)
 .ARM.exidx.text.BSP_LED_Init
                0x08005020        0x8 ../external/libnucleobsp.a(stm32f1xx_nucleo.c.obj)
 .ARM.exidx.text.BSP_i2c_init
                0x08005028        0x8 ../external/libnucleobsp.a(stm32f1xx_nucleo.c.obj)
 .ARM.exidx.text.BSP_LED_DeInit
                0x08005030        0x8 ../external/libnucleobsp.a(stm32f1xx_nucleo.c.obj)
 .ARM.exidx.text.BSP_LED_On
                0x08005038        0x8 ../external/libnucleobsp.a(stm32f1xx_nucleo.c.obj)
 .ARM.exidx.text.BSP_LED_Off
                0x08005040        0x0 ../external/libnucleobsp.a(stm32f1xx_nucleo.c.obj)
                                  0x8 (size before relaxing)
 .ARM.exidx.text.BSP_LED_Toggle
                0x08005040        0x0 ../external/libnucleobsp.a(stm32f1xx_nucleo.c.obj)
                                  0x8 (size before relaxing)
 .ARM.exidx.text._ZN6common11ApplicationC2EPNS_8PlatformEPNS_3LedEPNS_10Temp_SenseEPNS_11Display_SegE
                0x08005040        0x8 ../common/libcommon.a(application.cpp.obj)
 .ARM.exidx.text._ZN6common11Application9run_cycleEv
                0x08005048        0x8 ../common/libcommon.a(application.cpp.obj)
 .ARM.exidx.text._ZNSt8literals15chrono_literalsli2msIJLc50ELc48ELc48EEEENSt6chrono8durationIxSt5ratioILx1ELx1000EEEEv
                0x08005050        0x8 ../common/libcommon.a(application.cpp.obj)
 .ARM.exidx.text._ZNSt8literals15chrono_literals16__check_overflowINSt6chrono8durationIxSt5ratioILx1ELx1000EEEEJLc50ELc48ELc48EEEET_v
                0x08005058        0x8 ../common/libcommon.a(application.cpp.obj)
 .ARM.exidx.text._ZNSt6chrono8durationIxSt5ratioILx1ELx1000EEEC2IxvEERKT_
                0x08005060        0x0 ../common/libcommon.a(application.cpp.obj)
                                  0x8 (size before relaxing)
 .ARM.exidx     0x08004e18       0x80 /usr/bin/../lib/gcc/arm-none-eabi/7.2.1/thumb/v7-m/libgcc.a(unwind-arm.o)
                                 0xd8 (size before relaxing)
 .ARM.exidx     0x08004e98       0x38 /usr/bin/../lib/gcc/arm-none-eabi/7.2.1/thumb/v7-m/libgcc.a(pr-support.o)
                                 0x48 (size before relaxing)
                0x08005060                __exidx_end = .

.rel.dyn        0x08005060        0x0
 .rel.iplt      0x08005060        0x0 /usr/bin/../lib/gcc/arm-none-eabi/7.2.1/thumb/v7-m/crtbegin.o

.preinit_array  0x08005060        0x0
                0x08005060                PROVIDE (__preinit_array_start, .)
 *(.preinit_array*)
                0x08005060                PROVIDE (__preinit_array_end, .)

.init_array     0x08005060        0x8
                0x08005060                PROVIDE (__init_array_start, .)
 *(SORT_BY_NAME(.init_array.*))
 .init_array.00000
                0x08005060        0x4 /usr/bin/../lib/gcc/arm-none-eabi/7.2.1/../../../../arm-none-eabi/lib/thumb/v7-m/libc.a(lib_a-__call_atexit.o)
 *(.init_array*)
 .init_array    0x08005064        0x4 /usr/bin/../lib/gcc/arm-none-eabi/7.2.1/thumb/v7-m/crtbegin.o
                0x08005068                PROVIDE (__init_array_end, .)

.fini_array     0x08005068        0x4
                0x08005068                PROVIDE (__fini_array_start, .)
 *(SORT_BY_NAME(.fini_array.*))
 *(.fini_array*)
 .fini_array    0x08005068        0x4 /usr/bin/../lib/gcc/arm-none-eabi/7.2.1/thumb/v7-m/crtbegin.o
                0x0800506c                PROVIDE (__fini_array_end, .)
                0x0800506c                _sidata = LOADADDR (.data)

.data           0x20000000      0x448 load address 0x0800506c
                0x20000000                . = ALIGN (0x4)
                0x20000000                _sdata = .
 *(.data)
 *(.data*)
 .data._impure_ptr
                0x20000000        0x4 /usr/bin/../lib/gcc/arm-none-eabi/7.2.1/../../../../arm-none-eabi/lib/thumb/v7-m/libc.a(lib_a-impure.o)
                0x20000000                _impure_ptr
 *fill*         0x20000004        0x4 
 .data.impure_data
                0x20000008      0x428 /usr/bin/../lib/gcc/arm-none-eabi/7.2.1/../../../../arm-none-eabi/lib/thumb/v7-m/libc.a(lib_a-impure.o)
 .data.__atexit_recursive_mutex
                0x20000430        0x4 /usr/bin/../lib/gcc/arm-none-eabi/7.2.1/../../../../arm-none-eabi/lib/thumb/v7-m/libc.a(lib_a-__call_atexit.o)
                0x20000430                __atexit_recursive_mutex
 .data.SystemCoreClock
                0x20000434        0x4 CMakeFiles/nucleo_f103rb.elf.dir/system_stm32f1xx.c.obj
                0x20000434                SystemCoreClock
 .data.LED_PORT
                0x20000438        0x4 ../external/libnucleobsp.a(stm32f1xx_nucleo.c.obj)
                0x20000438                LED_PORT
 .data.p1       0x2000043c        0x4 ../common/libcommon.a(application.cpp.obj)
                0x2000043c                p1
 .data._ZN10__cxxabiv120__unexpected_handlerE
                0x20000440        0x4 /usr/bin/../lib/gcc/arm-none-eabi/7.2.1/../../../../arm-none-eabi/lib/thumb/v7-m/libstdc++_nano.a(eh_unex_handler.o)
                0x20000440                __cxxabiv1::__unexpected_handler
 .data._ZN10__cxxabiv119__terminate_handlerE
                0x20000444        0x4 /usr/bin/../lib/gcc/arm-none-eabi/7.2.1/../../../../arm-none-eabi/lib/thumb/v7-m/libstdc++_nano.a(eh_term_handler.o)
                0x20000444                __cxxabiv1::__terminate_handler
                0x20000448                . = ALIGN (0x4)
                0x20000448                _edata = .

.igot.plt       0x20000448        0x0 load address 0x080054b4
 .igot.plt      0x20000448        0x0 /usr/bin/../lib/gcc/arm-none-eabi/7.2.1/thumb/v7-m/crtbegin.o
                0x20000448                . = ALIGN (0x4)

.bss            0x20000448      0x118 load address 0x080054b4
                0x20000448                _sbss = .
                0x20000448                __bss_start__ = _sbss
 *(.bss)
 .bss           0x20000448       0x1c /usr/bin/../lib/gcc/arm-none-eabi/7.2.1/thumb/v7-m/crtbegin.o
 *(.bss*)
 .bss._ZN13nucleo_f103rb9I2cHandleE
                0x20000464       0x54 CMakeFiles/nucleo_f103rb.elf.dir/temp_sense.cpp.obj
                0x20000464                nucleo_f103rb::I2cHandle
 .bss._ZN13nucleo_f103rb6statusE
                0x200004b8        0x1 CMakeFiles/nucleo_f103rb.elf.dir/temp_sense.cpp.obj
                0x200004b8                nucleo_f103rb::status
 .bss._ZN13nucleo_f103rb16register_pointerE
                0x200004b9        0x1 CMakeFiles/nucleo_f103rb.elf.dir/temp_sense.cpp.obj
                0x200004b9                nucleo_f103rb::register_pointer
 .bss._ZN13nucleo_f103rb14register_valueE
                0x200004ba        0x2 CMakeFiles/nucleo_f103rb.elf.dir/temp_sense.cpp.obj
                0x200004ba                nucleo_f103rb::register_value
 .bss.I2cHandle
                0x200004bc       0x54 CMakeFiles/nucleo_f103rb.elf.dir/display_seg.cpp.obj
                0x200004bc                I2cHandle
 .bss.status    0x20000510        0x1 CMakeFiles/nucleo_f103rb.elf.dir/display_seg.cpp.obj
                0x20000510                status
 *fill*         0x20000511        0x3 
 .bss.uwTick    0x20000514        0x4 libstm32cube.a(stm32f1xx_hal.c.obj)
                0x20000514                uwTick
 .bss.Seg       0x20000518        0x1 ../common/libcommon.a(application.cpp.obj)
                0x20000518                Seg
 *fill*         0x20000519        0x3 
 .bss.read_buff
                0x2000051c        0x4 ../common/libcommon.a(application.cpp.obj)
                0x2000051c                read_buff
 .bss._ZL10eh_globals
                0x20000520        0xc /usr/bin/../lib/gcc/arm-none-eabi/7.2.1/../../../../arm-none-eabi/lib/thumb/v7-m/libstdc++_nano.a(eh_globals.o)
 .bss.__malloc_free_list
                0x2000052c        0x4 /usr/bin/../lib/gcc/arm-none-eabi/7.2.1/../../../../arm-none-eabi/lib/thumb/v7-m/libg_nano.a(lib_a-nano-mallocr.o)
                0x2000052c                __malloc_free_list
 .bss.__malloc_sbrk_start
                0x20000530        0x4 /usr/bin/../lib/gcc/arm-none-eabi/7.2.1/../../../../arm-none-eabi/lib/thumb/v7-m/libg_nano.a(lib_a-nano-mallocr.o)
                0x20000530                __malloc_sbrk_start
 .bss.heap_end.4102
                0x20000534        0x4 /usr/bin/../lib/gcc/arm-none-eabi/7.2.1/../../../../arm-none-eabi/lib/thumb/v7-m/libnosys.a(sbrk.o)
 *(COMMON)
 COMMON         0x20000538       0x21 /usr/bin/../lib/gcc/arm-none-eabi/7.2.1/../../../../arm-none-eabi/lib/thumb/v7-m/libc.a(lib_a-lock.o)
                0x20000538                __lock___atexit_recursive_mutex
                0x2000053c                __lock___arc4random_mutex
                0x20000540                __lock___env_recursive_mutex
                0x20000544                __lock___sinit_recursive_mutex
                0x20000548                __lock___malloc_recursive_mutex
                0x2000054c                __lock___at_quick_exit_mutex
                0x20000550                __lock___dd_hash_mutex
                0x20000554                __lock___tz_mutex
                0x20000558                __lock___sfp_recursive_mutex
 *fill*         0x20000559        0x3 
 COMMON         0x2000055c        0x4 /usr/bin/../lib/gcc/arm-none-eabi/7.2.1/../../../../arm-none-eabi/lib/thumb/v7-m/libg_nano.a(lib_a-reent.o)
                0x2000055c                errno
                0x20000560                . = ALIGN (0x4)
                0x20000560                _ebss = .
                0x20000560                __bss_end__ = _ebss

._user_heap_stack
                0x20000560      0x600 load address 0x080054b4
                0x20000560                . = ALIGN (0x8)
                0x20000560                PROVIDE (end, .)
                [!provide]                PROVIDE (_end, .)
                0x20000760                . = (. + _Min_Heap_Size)
 *fill*         0x20000560      0x200 
                0x20000b60                . = (. + _Min_Stack_Size)
 *fill*         0x20000760      0x400 
                0x20000b60                . = ALIGN (0x8)

/DISCARD/
 libc.a(*)
 libm.a(*)
 libgcc.a(*)

.ARM.attributes
                0x00000000       0x29
 *(.ARM.attributes)
 .ARM.attributes
                0x00000000       0x1d /usr/bin/../lib/gcc/arm-none-eabi/7.2.1/thumb/v7-m/crti.o
 .ARM.attributes
                0x0000001d       0x2d /usr/bin/../lib/gcc/arm-none-eabi/7.2.1/thumb/v7-m/crtbegin.o
 .ARM.attributes
                0x0000004a       0x33 CMakeFiles/nucleo_f103rb.elf.dir/st_init.c.obj
 .ARM.attributes
                0x0000007d       0x21 CMakeFiles/nucleo_f103rb.elf.dir/startup_stm32f103xb.s.obj
 .ARM.attributes
                0x0000009e       0x33 CMakeFiles/nucleo_f103rb.elf.dir/stm32f1xx_hal_msp.c.obj
 .ARM.attributes
                0x000000d1       0x33 CMakeFiles/nucleo_f103rb.elf.dir/stm32f1xx_it.c.obj
 .ARM.attributes
                0x00000104       0x33 CMakeFiles/nucleo_f103rb.elf.dir/system_stm32f1xx.c.obj
 .ARM.attributes
                0x00000137       0x33 CMakeFiles/nucleo_f103rb.elf.dir/main.cpp.obj
 .ARM.attributes
                0x0000016a       0x33 CMakeFiles/nucleo_f103rb.elf.dir/led.cpp.obj
 .ARM.attributes
                0x0000019d       0x33 CMakeFiles/nucleo_f103rb.elf.dir/temp_sense.cpp.obj
 .ARM.attributes
                0x000001d0       0x33 CMakeFiles/nucleo_f103rb.elf.dir/platform.cpp.obj
 .ARM.attributes
                0x00000203       0x33 CMakeFiles/nucleo_f103rb.elf.dir/display_seg.cpp.obj
 .ARM.attributes
                0x00000236       0x33 libstm32cube.a(stm32f1xx_hal.c.obj)
 .ARM.attributes
                0x00000269       0x33 libstm32cube.a(stm32f1xx_hal_cortex.c.obj)
 .ARM.attributes
                0x0000029c       0x33 libstm32cube.a(stm32f1xx_hal_gpio.c.obj)
 .ARM.attributes
                0x000002cf       0x33 libstm32cube.a(stm32f1xx_hal_i2c.c.obj)
 .ARM.attributes
                0x00000302       0x33 libstm32cube.a(stm32f1xx_hal_rcc.c.obj)
 .ARM.attributes
                0x00000335       0x33 ../external/libnucleobsp.a(stm32f1xx_nucleo.c.obj)
 .ARM.attributes
                0x00000368       0x33 ../common/libcommon.a(application.cpp.obj)
 .ARM.attributes
                0x0000039b       0x2d /usr/bin/../lib/gcc/arm-none-eabi/7.2.1/../../../../arm-none-eabi/lib/thumb/v7-m/libstdc++_nano.a(del_op.o)
 .ARM.attributes
                0x000003c8       0x2d /usr/bin/../lib/gcc/arm-none-eabi/7.2.1/../../../../arm-none-eabi/lib/thumb/v7-m/libstdc++_nano.a(pure.o)
 .ARM.attributes
                0x000003f5       0x2d /usr/bin/../lib/gcc/arm-none-eabi/7.2.1/../../../../arm-none-eabi/lib/thumb/v7-m/libstdc++_nano.a(eh_arm.o)
 .ARM.attributes
                0x00000422       0x2d /usr/bin/../lib/gcc/arm-none-eabi/7.2.1/../../../../arm-none-eabi/lib/thumb/v7-m/libstdc++_nano.a(eh_call.o)
 .ARM.attributes
                0x0000044f       0x2d /usr/bin/../lib/gcc/arm-none-eabi/7.2.1/../../../../arm-none-eabi/lib/thumb/v7-m/libstdc++_nano.a(eh_catch.o)
 .ARM.attributes
                0x0000047c       0x2d /usr/bin/../lib/gcc/arm-none-eabi/7.2.1/../../../../arm-none-eabi/lib/thumb/v7-m/libstdc++_nano.a(eh_exception.o)
 .ARM.attributes
                0x000004a9       0x2d /usr/bin/../lib/gcc/arm-none-eabi/7.2.1/../../../../arm-none-eabi/lib/thumb/v7-m/libstdc++_nano.a(eh_terminate.o)
 .ARM.attributes
                0x000004d6       0x2d /usr/bin/../lib/gcc/arm-none-eabi/7.2.1/../../../../arm-none-eabi/lib/thumb/v7-m/libstdc++_nano.a(eh_unex_handler.o)
 .ARM.attributes
                0x00000503       0x2d /usr/bin/../lib/gcc/arm-none-eabi/7.2.1/../../../../arm-none-eabi/lib/thumb/v7-m/libstdc++_nano.a(eh_term_handler.o)
 .ARM.attributes
                0x00000530       0x2d /usr/bin/../lib/gcc/arm-none-eabi/7.2.1/../../../../arm-none-eabi/lib/thumb/v7-m/libstdc++_nano.a(eh_globals.o)
 .ARM.attributes
                0x0000055d       0x2d /usr/bin/../lib/gcc/arm-none-eabi/7.2.1/../../../../arm-none-eabi/lib/thumb/v7-m/libstdc++_nano.a(class_type_info.o)
 .ARM.attributes
                0x0000058a       0x2d /usr/bin/../lib/gcc/arm-none-eabi/7.2.1/../../../../arm-none-eabi/lib/thumb/v7-m/libstdc++_nano.a(del_ops.o)
 .ARM.attributes
                0x000005b7       0x2d /usr/bin/../lib/gcc/arm-none-eabi/7.2.1/../../../../arm-none-eabi/lib/thumb/v7-m/libstdc++_nano.a(si_class_type_info.o)
 .ARM.attributes
                0x000005e4       0x2d /usr/bin/../lib/gcc/arm-none-eabi/7.2.1/../../../../arm-none-eabi/lib/thumb/v7-m/libstdc++_nano.a(tinfo.o)
 .ARM.attributes
                0x00000611       0x2d /usr/bin/../lib/gcc/arm-none-eabi/7.2.1/thumb/v7-m/libgcc.a(unwind-arm.o)
 .ARM.attributes
                0x0000063e       0x1d /usr/bin/../lib/gcc/arm-none-eabi/7.2.1/thumb/v7-m/libgcc.a(libunwind.o)
 .ARM.attributes
                0x0000065b       0x2d /usr/bin/../lib/gcc/arm-none-eabi/7.2.1/thumb/v7-m/libgcc.a(pr-support.o)
 .ARM.attributes
                0x00000688       0x2d /usr/bin/../lib/gcc/arm-none-eabi/7.2.1/../../../../arm-none-eabi/lib/thumb/v7-m/libg_nano.a(lib_a-abort.o)
 .ARM.attributes
                0x000006b5       0x2d /usr/bin/../lib/gcc/arm-none-eabi/7.2.1/../../../../arm-none-eabi/lib/thumb/v7-m/libg_nano.a(lib_a-itoa.o)
 .ARM.attributes
                0x000006e2       0x2d /usr/bin/../lib/gcc/arm-none-eabi/7.2.1/../../../../arm-none-eabi/lib/thumb/v7-m/libg_nano.a(lib_a-malloc.o)
 .ARM.attributes
                0x0000070f       0x2d /usr/bin/../lib/gcc/arm-none-eabi/7.2.1/../../../../arm-none-eabi/lib/thumb/v7-m/libg_nano.a(lib_a-memcpy-stub.o)
 .ARM.attributes
                0x0000073c       0x2d /usr/bin/../lib/gcc/arm-none-eabi/7.2.1/../../../../arm-none-eabi/lib/thumb/v7-m/libg_nano.a(lib_a-nano-freer.o)
 .ARM.attributes
                0x00000769       0x2d /usr/bin/../lib/gcc/arm-none-eabi/7.2.1/../../../../arm-none-eabi/lib/thumb/v7-m/libg_nano.a(lib_a-nano-mallocr.o)
 .ARM.attributes
                0x00000796       0x2d /usr/bin/../lib/gcc/arm-none-eabi/7.2.1/../../../../arm-none-eabi/lib/thumb/v7-m/libg_nano.a(lib_a-sbrkr.o)
 .ARM.attributes
                0x000007c3       0x2d /usr/bin/../lib/gcc/arm-none-eabi/7.2.1/../../../../arm-none-eabi/lib/thumb/v7-m/libg_nano.a(lib_a-signal.o)
 .ARM.attributes
                0x000007f0       0x2d /usr/bin/../lib/gcc/arm-none-eabi/7.2.1/../../../../arm-none-eabi/lib/thumb/v7-m/libg_nano.a(lib_a-signalr.o)
 .ARM.attributes
                0x0000081d       0x1b /usr/bin/../lib/gcc/arm-none-eabi/7.2.1/../../../../arm-none-eabi/lib/thumb/v7-m/libg_nano.a(lib_a-strcmp.o)
 .ARM.attributes
                0x00000838       0x2d /usr/bin/../lib/gcc/arm-none-eabi/7.2.1/../../../../arm-none-eabi/lib/thumb/v7-m/libg_nano.a(lib_a-utoa.o)
 .ARM.attributes
                0x00000865       0x2d /usr/bin/../lib/gcc/arm-none-eabi/7.2.1/../../../../arm-none-eabi/lib/thumb/v7-m/libg_nano.a(lib_a-mlock.o)
 .ARM.attributes
                0x00000892       0x2d /usr/bin/../lib/gcc/arm-none-eabi/7.2.1/../../../../arm-none-eabi/lib/thumb/v7-m/libg_nano.a(lib_a-reent.o)
 .ARM.attributes
                0x000008bf       0x2d /usr/bin/../lib/gcc/arm-none-eabi/7.2.1/../../../../arm-none-eabi/lib/thumb/v7-m/libnosys.a(getpid.o)
 .ARM.attributes
                0x000008ec       0x2d /usr/bin/../lib/gcc/arm-none-eabi/7.2.1/../../../../arm-none-eabi/lib/thumb/v7-m/libnosys.a(kill.o)
 .ARM.attributes
                0x00000919       0x2d /usr/bin/../lib/gcc/arm-none-eabi/7.2.1/../../../../arm-none-eabi/lib/thumb/v7-m/libnosys.a(sbrk.o)
 .ARM.attributes
                0x00000946       0x2d /usr/bin/../lib/gcc/arm-none-eabi/7.2.1/../../../../arm-none-eabi/lib/thumb/v7-m/libnosys.a(_exit.o)
 .ARM.attributes
                0x00000973       0x1d /usr/bin/../lib/gcc/arm-none-eabi/7.2.1/thumb/v7-m/crtn.o
LOAD CMakeFiles/nucleo_f103rb.elf.dir/st_init.c.obj
LOAD CMakeFiles/nucleo_f103rb.elf.dir/startup_stm32f103xb.s.obj
LOAD CMakeFiles/nucleo_f103rb.elf.dir/stm32f1xx_hal_msp.c.obj
LOAD CMakeFiles/nucleo_f103rb.elf.dir/stm32f1xx_it.c.obj
LOAD CMakeFiles/nucleo_f103rb.elf.dir/system_stm32f1xx.c.obj
LOAD CMakeFiles/nucleo_f103rb.elf.dir/stm32f1xx_ll_i2c.c.obj
LOAD CMakeFiles/nucleo_f103rb.elf.dir/main.cpp.obj
LOAD CMakeFiles/nucleo_f103rb.elf.dir/led.cpp.obj
LOAD CMakeFiles/nucleo_f103rb.elf.dir/temp_sense.cpp.obj
LOAD CMakeFiles/nucleo_f103rb.elf.dir/platform.cpp.obj
LOAD CMakeFiles/nucleo_f103rb.elf.dir/display_seg.cpp.obj
LOAD libstm32cube.a
LOAD ../external/libnucleobsp.a
LOAD ../common/libcommon.a
LOAD libstm32cube.a
LOAD /usr/bin/../lib/gcc/arm-none-eabi/7.2.1/../../../../arm-none-eabi/lib/thumb/v7-m/libstdc++_nano.a
LOAD /usr/bin/../lib/gcc/arm-none-eabi/7.2.1/../../../../arm-none-eabi/lib/thumb/v7-m/libm.a
START GROUP
LOAD /usr/bin/../lib/gcc/arm-none-eabi/7.2.1/thumb/v7-m/libgcc.a
LOAD /usr/bin/../lib/gcc/arm-none-eabi/7.2.1/../../../../arm-none-eabi/lib/thumb/v7-m/libg_nano.a
LOAD /usr/bin/../lib/gcc/arm-none-eabi/7.2.1/../../../../arm-none-eabi/lib/thumb/v7-m/libc_nano.a
END GROUP
START GROUP
LOAD /usr/bin/../lib/gcc/arm-none-eabi/7.2.1/thumb/v7-m/libgcc.a
LOAD /usr/bin/../lib/gcc/arm-none-eabi/7.2.1/../../../../arm-none-eabi/lib/thumb/v7-m/libc_nano.a
LOAD /usr/bin/../lib/gcc/arm-none-eabi/7.2.1/../../../../arm-none-eabi/lib/thumb/v7-m/libnosys.a
END GROUP
START GROUP
LOAD /usr/bin/../lib/gcc/arm-none-eabi/7.2.1/thumb/v7-m/libgcc.a
LOAD /usr/bin/../lib/gcc/arm-none-eabi/7.2.1/../../../../arm-none-eabi/lib/thumb/v7-m/libc_nano.a
LOAD /usr/bin/../lib/gcc/arm-none-eabi/7.2.1/../../../../arm-none-eabi/lib/thumb/v7-m/libnosys.a
END GROUP
LOAD /usr/bin/../lib/gcc/arm-none-eabi/7.2.1/thumb/v7-m/crtend.o
LOAD /usr/bin/../lib/gcc/arm-none-eabi/7.2.1/thumb/v7-m/crtn.o
OUTPUT(nucleo_f103rb.elf elf32-littlearm)

.debug_info     0x00000000    0x162c5
 .debug_info    0x00000000      0xaaa CMakeFiles/nucleo_f103rb.elf.dir/st_init.c.obj
 .debug_info    0x00000aaa       0x22 CMakeFiles/nucleo_f103rb.elf.dir/startup_stm32f103xb.s.obj
 .debug_info    0x00000acc     0x111b CMakeFiles/nucleo_f103rb.elf.dir/stm32f1xx_hal_msp.c.obj
 .debug_info    0x00001be7      0x9d1 CMakeFiles/nucleo_f103rb.elf.dir/stm32f1xx_it.c.obj
 .debug_info    0x000025b8      0x3e5 CMakeFiles/nucleo_f103rb.elf.dir/system_stm32f1xx.c.obj
 .debug_info    0x0000299d     0x1b8a CMakeFiles/nucleo_f103rb.elf.dir/main.cpp.obj
 .debug_info    0x00004527      0xe60 CMakeFiles/nucleo_f103rb.elf.dir/led.cpp.obj
 .debug_info    0x00005387     0x14dc CMakeFiles/nucleo_f103rb.elf.dir/temp_sense.cpp.obj
 .debug_info    0x00006863     0x18a8 CMakeFiles/nucleo_f103rb.elf.dir/platform.cpp.obj
 .debug_info    0x0000810b     0x19e0 CMakeFiles/nucleo_f103rb.elf.dir/display_seg.cpp.obj
 .debug_info    0x00009aeb      0xe40 libstm32cube.a(stm32f1xx_hal.c.obj)
 .debug_info    0x0000a92b     0x130d libstm32cube.a(stm32f1xx_hal_cortex.c.obj)
 .debug_info    0x0000bc38      0xe72 libstm32cube.a(stm32f1xx_hal_gpio.c.obj)
 .debug_info    0x0000caaa     0x2983 libstm32cube.a(stm32f1xx_hal_i2c.c.obj)
 .debug_info    0x0000f42d      0xfd8 libstm32cube.a(stm32f1xx_hal_rcc.c.obj)
 .debug_info    0x00010405     0x1e2a ../external/libnucleobsp.a(stm32f1xx_nucleo.c.obj)
 .debug_info    0x0001222f     0x4096 ../common/libcommon.a(application.cpp.obj)

.debug_abbrev   0x00000000     0x357d
 .debug_abbrev  0x00000000      0x202 CMakeFiles/nucleo_f103rb.elf.dir/st_init.c.obj
 .debug_abbrev  0x00000202       0x12 CMakeFiles/nucleo_f103rb.elf.dir/startup_stm32f103xb.s.obj
 .debug_abbrev  0x00000214      0x22c CMakeFiles/nucleo_f103rb.elf.dir/stm32f1xx_hal_msp.c.obj
 .debug_abbrev  0x00000440      0x1c6 CMakeFiles/nucleo_f103rb.elf.dir/stm32f1xx_it.c.obj
 .debug_abbrev  0x00000606      0x131 CMakeFiles/nucleo_f103rb.elf.dir/system_stm32f1xx.c.obj
 .debug_abbrev  0x00000737      0x4ec CMakeFiles/nucleo_f103rb.elf.dir/main.cpp.obj
 .debug_abbrev  0x00000c23      0x368 CMakeFiles/nucleo_f103rb.elf.dir/led.cpp.obj
 .debug_abbrev  0x00000f8b      0x3ad CMakeFiles/nucleo_f103rb.elf.dir/temp_sense.cpp.obj
 .debug_abbrev  0x00001338      0x48c CMakeFiles/nucleo_f103rb.elf.dir/platform.cpp.obj
 .debug_abbrev  0x000017c4      0x454 CMakeFiles/nucleo_f103rb.elf.dir/display_seg.cpp.obj
 .debug_abbrev  0x00001c18      0x2c9 libstm32cube.a(stm32f1xx_hal.c.obj)
 .debug_abbrev  0x00001ee1      0x393 libstm32cube.a(stm32f1xx_hal_cortex.c.obj)
 .debug_abbrev  0x00002274      0x286 libstm32cube.a(stm32f1xx_hal_gpio.c.obj)
 .debug_abbrev  0x000024fa      0x2df libstm32cube.a(stm32f1xx_hal_i2c.c.obj)
 .debug_abbrev  0x000027d9      0x30d libstm32cube.a(stm32f1xx_hal_rcc.c.obj)
 .debug_abbrev  0x00002ae6      0x375 ../external/libnucleobsp.a(stm32f1xx_nucleo.c.obj)
 .debug_abbrev  0x00002e5b      0x722 ../common/libcommon.a(application.cpp.obj)

.debug_aranges  0x00000000      0x938
 .debug_aranges
                0x00000000       0x28 CMakeFiles/nucleo_f103rb.elf.dir/st_init.c.obj
 .debug_aranges
                0x00000028       0x28 CMakeFiles/nucleo_f103rb.elf.dir/startup_stm32f103xb.s.obj
 .debug_aranges
                0x00000050       0x28 CMakeFiles/nucleo_f103rb.elf.dir/stm32f1xx_hal_msp.c.obj
 .debug_aranges
                0x00000078       0x60 CMakeFiles/nucleo_f103rb.elf.dir/stm32f1xx_it.c.obj
 .debug_aranges
                0x000000d8       0x28 CMakeFiles/nucleo_f103rb.elf.dir/system_stm32f1xx.c.obj
 .debug_aranges
                0x00000100       0x48 CMakeFiles/nucleo_f103rb.elf.dir/main.cpp.obj
 .debug_aranges
                0x00000148       0x60 CMakeFiles/nucleo_f103rb.elf.dir/led.cpp.obj
 .debug_aranges
                0x000001a8       0x60 CMakeFiles/nucleo_f103rb.elf.dir/temp_sense.cpp.obj
 .debug_aranges
                0x00000208       0x48 CMakeFiles/nucleo_f103rb.elf.dir/platform.cpp.obj
 .debug_aranges
                0x00000250       0x50 CMakeFiles/nucleo_f103rb.elf.dir/display_seg.cpp.obj
 .debug_aranges
                0x000002a0       0xb8 libstm32cube.a(stm32f1xx_hal.c.obj)
 .debug_aranges
                0x00000358      0x100 libstm32cube.a(stm32f1xx_hal_cortex.c.obj)
 .debug_aranges
                0x00000458       0x58 libstm32cube.a(stm32f1xx_hal_gpio.c.obj)
 .debug_aranges
                0x000004b0      0x268 libstm32cube.a(stm32f1xx_hal_i2c.c.obj)
 .debug_aranges
                0x00000718       0x90 libstm32cube.a(stm32f1xx_hal_rcc.c.obj)
 .debug_aranges
                0x000007a8      0x148 ../external/libnucleobsp.a(stm32f1xx_nucleo.c.obj)
 .debug_aranges
                0x000008f0       0x48 ../common/libcommon.a(application.cpp.obj)

.debug_ranges   0x00000000      0x830
 .debug_ranges  0x00000000       0x18 CMakeFiles/nucleo_f103rb.elf.dir/st_init.c.obj
 .debug_ranges  0x00000018       0x20 CMakeFiles/nucleo_f103rb.elf.dir/startup_stm32f103xb.s.obj
 .debug_ranges  0x00000038       0x18 CMakeFiles/nucleo_f103rb.elf.dir/stm32f1xx_hal_msp.c.obj
 .debug_ranges  0x00000050       0x50 CMakeFiles/nucleo_f103rb.elf.dir/stm32f1xx_it.c.obj
 .debug_ranges  0x000000a0       0x18 CMakeFiles/nucleo_f103rb.elf.dir/system_stm32f1xx.c.obj
 .debug_ranges  0x000000b8       0x38 CMakeFiles/nucleo_f103rb.elf.dir/main.cpp.obj